******************************************************************************
               TMS320C6x Linker PC v7.3.4                      
******************************************************************************
>> Linked Tue Nov 12 10:50:30 2013

OUTPUT FILE NAME:   <8core-BBT.out>
ENTRY POINT SYMBOL: "_c_int00"  address: 00825140


MEMORY CONFIGURATION

         name            origin    length      used     unused   attr    fill
----------------------  --------  ---------  --------  --------  ----  --------
  L2SRAM                00800000   00080000  0003c480  00043b80  RW X
  MSMCSRAM              0c000000   00400000  00100190  002ffe70  RW X
  DDR3                  80000000   10000000  00010e7b  0ffef185  RW X
  SRIOMEM               90000000   00000100  00000000  00000100  RW X


SEGMENT ALLOCATION MAP

run origin  load origin   length   init length attrs members
----------  ----------- ---------- ----------- ----- -------
00800000    00800000    0002a280   0002a280    r-x
  00800000    00800000    0002a280   0002a280    r-x .text
0082a280    0082a280    00012000   00000000    rw-
  0082a280    0082a280    0000a000   00000000    rw- .stack
  00834280    00834280    00008000   00000000    rw- systemHeap
0083c400    0083c400    00000200   00000200    r-x
  0083c400    0083c400    00000200   00000200    r-x .vecs
0c000000    0c000000    00000190   00000190    rw-
  0c000000    0c000000    00000190   00000190    rw- platform_lib
80000000    80000000    00007f46   00007f46    r--
  80000000    80000000    00007f46   00007f46    r-- .const
80007f50    80007f50    000019b8   00000000    rw-
  80007f50    80007f50    000019b8   00000000    rw- .far.1
80009910    80009910    00001498   00000000    rw-
  80009910    80009910    00001498   00000000    rw- .far.2
8000adb0    8000adb0    00000045   00000000    rw-
  8000adb0    8000adb0    00000045   00000000    rw- .far.3
8000ae00    8000ae00    00000044   00000000    rw-
  8000ae00    8000ae00    00000044   00000000    rw- .far.4
8000ae50    8000ae50    00002158   00002158    rw-
  8000ae50    8000ae50    00002158   00002158    rw- .fardata.1
8000cfb0    8000cfb0    00000098   00000098    rw-
  8000cfb0    8000cfb0    00000098   00000098    rw- .fardata.2
8000d050    8000d050    00000014   00000014    rw-
  8000d050    8000d050    00000014   00000014    rw- .fardata.3
8000d070    8000d070    00000028   00000028    rw-
  8000d070    8000d070    00000028   00000028    rw- .fardata.4
8000d0a0    8000d0a0    00000058   00000058    rw-
  8000d0a0    8000d0a0    00000058   00000058    rw- .fardata.5
8000d100    8000d100    00000008   00000008    rw-
  8000d100    8000d100    00000008   00000008    rw- .fardata.6
8000d110    8000d110    00000004   00000004    rw-
  8000d110    8000d110    00000004   00000004    rw- .fardata.7
8000d120    8000d120    00000004   00000004    rw-
  8000d120    8000d120    00000004   00000004    rw- .fardata.8
8000d130    8000d130    00000004   00000004    rw-
  8000d130    8000d130    00000004   00000004    rw- .fardata.9
8000d140    8000d140    00000004   00000004    rw-
  8000d140    8000d140    00000004   00000004    rw- .fardata.10
8000d150    8000d150    00000004   00000004    rw-
  8000d150    8000d150    00000004   00000004    rw- .fardata.11
8000d160    8000d160    00000004   00000004    rw-
  8000d160    8000d160    00000004   00000004    rw- .fardata.12
8000d170    8000d170    00000004   00000004    rw-
  8000d170    8000d170    00000004   00000004    rw- .fardata.13
8000d180    8000d180    00000004   00000004    rw-
  8000d180    8000d180    00000004   00000004    rw- .fardata.14
8000d184    8000d184    00000070   00000070    r--
  8000d184    8000d184    00000070   00000070    r-- .switch.1
8000d200    8000d200    00002600   00000000    rw-
  8000d200    8000d200    00002400   00000000    rw- .qmss
  8000f600    8000f600    00000200   00000000    rw- .cppi
8000f800    8000f800    00000224   00000104    rw-
  8000f800    8000f800    00000104   00000104    rw- .srioSharedMem
  8000f904    8000f904    00000120   00000000    rw- .cio
8000fa24    8000fa24    00000030   00000030    r--
  8000fa24    8000fa24    00000030   00000030    r-- .switch.2
8000fa54    8000fa54    00000024   00000000    rw-
  8000fa54    8000fa54    00000024   00000000    rw- .bss
8000fa78    8000fa78    00000041   00000041    rw-
  8000fa78    8000fa78    00000041   00000041    rw- .neardata
8000fabc    8000fabc    00000020   00000020    r--
  8000fabc    8000fabc    00000020   00000020    r-- .rodata
8000fadc    8000fadc    00001464   00001464    r--
  8000fadc    8000fadc    00001464   00001464    r-- .cinit


SECTION ALLOCATION MAP

 output                                  attributes/
section   page    origin      length       input sections
--------  ----  ----------  ----------   ----------------
.init_array 
*          0    80000000    00000000     UNINITIALIZED

.cinit     0    80000000    00000000     UNINITIALIZED

.init_array 
*          0    80000000    00000000     UNINITIALIZED

.text      0    00800000    0002a280     
                  00800000    00002120     platform.obj (.text)
                  00802120    00001c20     evmc6678.obj (.text)
                  00803d40    00001b20     srio_device_config.obj (.text)
                  00805860    00001ae0     srioloopback.obj (.text)
                  00807340    00001780     bbt.obj (.text)
                  00808ac0    00000ee0     platforms_utils_test.obj (.text)
                  008099a0    00000d80     evmc66x_i2c_eeprom.obj (.text)
                  0080a720    000009a0     ti.targets.rts6000.ae66 : System.oe66 (.text:xdc_runtime_System_doPrint__I)
                  0080b0c0    00000980     Test_bbt.obj (.text)
                  0080ba40    00000940     ti.drv.srio.ae66 : srio_drv.oe66 (.text:Srio_processDrvConfig:Srio_processDrvConfig)
                  0080c380    000008a0     evmc66x_gpio.obj (.text)
                  0080cc20    00000840     srio_device_config.obj (.text:SrioDevice_init)
                  0080d460    000007e0     ti.drv.qmss.ae66 : qmss_drv.oe66 (.text:Qmss_insertMemoryRegion)
                  0080dc40    000007a0     loopbackDioIsr_osal.obj (.text)
                  0080e3e0    00000780     sysbios.lib : BIOS.obj (.text:ti_sysbios_family_c64p_Exception_handler__I)
                  0080eb60    000006e0     evmc66x_fpga.obj (.text)
                  0080f240    00000660     ti.drv.cppi.ae66 : cppi_drv.oe66 (.text:Cppi_configureRxFlow)
                  0080f8a0    00000660     sysbios.lib : BIOS.obj (.text:ti_sysbios_heaps_HeapMem_free__E)
                  0080ff00    00000640     spi.obj (.text)
                  00810540    00000620     ti.drv.srio.ae66 : srio_drv.oe66 (.text:Srio_processReceivedBD:Srio_processReceivedBD)
                  00810b60    00000620     sysbios.lib : BIOS.obj (.text:ti_sysbios_heaps_HeapMem_alloc__E)
                  00811180    000005e0     interrupt.obj (.text)
                  00811760    000005c0     rts6600_elf.lib : divd.obj (.text:__c6xabi_divd)
                  00811d20    000005c0                     : _printfi.obj (.text:_getarg_diouxp)
                  008122e0    000005c0     sysbios.lib : BIOS.obj (.text:ti_sysbios_timers_timer64_Timer_Module_startup__F)
                  008128a0    00000560     evmc66x_nor.obj (.text)
                  00812e00    00000500     ti.drv.srio.ae66 : srio_drv.oe66 (.text:Srio_sockSend_DIO:Srio_sockSend_DIO)
                  00813300    00000500     sysbios.lib : BIOS.obj (.text:ti_sysbios_knl_Task_Instance_finalize__F)
                  00813800    000004c0     ti.drv.cppi.ae66 : cppi_drv.oe66 (.text:Cppi_txChannelOpen)
                  00813cc0    00000480     rts6600_elf.lib : _printfi.obj (.text:_setfield)
                  00814140    00000460                     : _printfi.obj (.text:_printfi)
                  008145a0    00000440     ti.drv.cppi.ae66 : cppi_drv.oe66 (.text:Cppi_rxChannelOpen)
                  008149e0    00000400     ipc.lib : Ipc.obj (.text:ti_sdo_ipc_Notify_Instance_init__F)
                  00814de0    00000400     sysbios.lib : BIOS.obj (.text:ti_sysbios_knl_Semaphore_pend__E)
                  008151e0    000003c0     ti.drv.cppi.ae66 : cppi_desc.oe66 (.text:Cppi_initDescriptor)
                  008155a0    000003c0     sysbios.lib : BIOS.obj (.text:ti_sysbios_knl_Task_Instance_init__F)
                  00815960    000003c0                 : BIOS.obj (.text:ti_sysbios_knl_Task_setPri__E)
                  00815d20    00000380     spi_fpga.obj (.text)
                  008160a0    00000340     ti.drv.qmss.ae66 : qmss_drv.oe66 (.text:Qmss_init)
                  008163e0    00000300     ti.drv.srio.ae66 : srio_drv.oe66 (.text:Srio_start:Srio_start)
                  008166e0    00000300     evmc66x_uart.obj (.text)
                  008169e0    00000300     rts6600_elf.lib : fputs.obj (.text:fputs)
                  00816ce0    00000300     sysbios.lib : BIOS.obj (.text:ti_sysbios_family_c64p_Hwi_dispatchC__I)
                  00816fe0    000002e0     ipc.lib : Ipc.obj (.text:SharedRegion_getEntry)
                  008172c0    000002e0     ti.drv.srio.ae66 : srio_drv.oe66 (.text:Srio_getSockOpt:Srio_getSockOpt)
                  008175a0    000002e0     rts6600_elf.lib : _printfi.obj (.text:_pproc_fwp)
                  00817880    000002e0     sysbios.lib : BIOS.obj (.text:ti_sysbios_gates_GateMutexPri_enter__E)
                  00817b60    000002e0                 : BIOS.obj (.text:ti_sysbios_knl_Task_Module_startup__F)
                  00817e40    000002c0     ti.drv.srio.ae66 : srio_drv.oe66 (.text:Srio_sockOpen:Srio_sockOpen)
                  00818100    000002c0     rts6600_elf.lib : _printfi.obj (.text:_pproc_fge)
                  008183c0    000002c0     spi_nor.obj (.text)
                  00818680    000002a0     ti.drv.srio.ae66 : srio_drv.oe66 (.text:Srio_init:Srio_init)
                  00818920    000002a0                      : srio_drv.oe66 (.text:Srio_processAppConfig:Srio_processAppConfig)
                  00818bc0    000002a0     rts6600_elf.lib : _printfi.obj (.text:fcvt)
                  00818e60    000002a0     sysbios.lib : BIOS.obj (.text:ti_sysbios_family_c66_tci66xx_CpIntc_Module_startup__F)
                  00819100    000002a0                 : BIOS.obj (.text:ti_sysbios_knl_Clock_workFunc__E)
                  008193a0    00000280     ti.drv.srio.ae66 : srio_drv.oe66 (.text:Srio_sockBind_DIO:Srio_sockBind_DIO)
                  00819620    00000280     sysbios.lib : BIOS.obj (.text:deviceConfig$44)
                  008198a0    00000280     rts6600_elf.lib : _printfi.obj (.text:ecvt)
                  00819b20    00000280     sysbios.lib : BIOS.obj (.text:ti_sysbios_knl_Clock_Instance_init__F)
                  00819da0    00000280                 : BIOS.obj (.text:ti_sysbios_knl_Task_exit__E)
                  0081a020    00000280     ti.targets.rts6000.ae66 : Core-mem.oe66 (.text:xdc_runtime_Core_createObject__I)
                  0081a2a0    00000280                             : Error.oe66 (.text:xdc_runtime_Error_raiseX__F)
                  0081a520    00000260                             : Startup.oe66 (.text:xdc_runtime_Startup_startMods__I)
                  0081a780    00000260     8core-BBT_pe66.oe66 (.text:xdc_runtime_System_printfExtend__I)
                  0081a9e0    00000240     ti.drv.cppi.ae66 : cppi_drv.oe66 (.text:Cppi_open)
                  0081ac20    00000240     rts6600_elf.lib : imath64.obj (.text:__c6xabi_divull)
                  0081ae60    00000240                     : _printfi.obj (.text:_pconv_e)
                  0081b0a0    00000240                     : _printfi.obj (.text:_pproc_diouxp)
                  0081b2e0    00000240     sysbios.lib : BIOS.obj (.text:ti_sysbios_family_c64p_Exception_internalHandler__I)
                  0081b520    00000240                 : BIOS.obj (.text:ti_sysbios_knl_Semaphore_post__E)
                  0081b760    00000240     ti.targets.rts6000.ae66 : LoggerBuf.oe66 (.text:xdc_runtime_LoggerBuf_write8__F)
                  0081b9a0    00000220     rts6600_elf.lib : _printfi.obj (.text:_pproc_str)
                  0081bbc0    00000220     sysbios.lib : BIOS.obj (.text:ti_sysbios_family_c64p_Hwi_reconfig__E)
                  0081bde0    00000220                 : BIOS.obj (.text:ti_sysbios_knl_Swi_run__I)
                  0081c000    00000220                 : BIOS.obj (.text:ti_sysbios_knl_Task_schedule__I)
                  0081c220    00000220                 : BIOS.obj (.text:ti_sysbios_knl_Task_startup__E)
                  0081c440    00000200     ti.drv.qmss.ae66 : qmss_drv.oe66 (.text:Qmss_internalQueueOpen)
                  0081c640    00000200                      : qmss_acc.oe66 (.text:Qmss_programAccumulator)
                  0081c840    00000200     ti.drv.srio.ae66 : srio_drv.oe66 (.text:Srio_dioCompletionIsr:Srio_dioCompletionIsr)
                  0081ca40    00000200     rts6600_elf.lib : _printfi.obj (.text:_pconv_g)
                  0081cc40    00000200     sysbios.lib : c64p_Hwi_disp_always.obj (.text:_ti_sysbios_family_c64p_Hwi_dispatchAlways)
                  0081ce40    00000200                 : BIOS.obj (.text:block$56)
                  0081d040    00000200     ti.drv.cppi.ae66 : cppi_heap.oe66 (.text:cppi_internal_heap_add)
                  0081d240    00000200     ipc.lib : Ipc.obj (.text:ti_sdo_ipc_family_c647x_MultiProcSetup_init__I)
                  0081d440    000001e0     sysbios.lib : BIOS.obj (.text:ti_sysbios_knl_Task_postInit__I)
                  0081d620    000001e0                 : BIOS.obj (.text:ti_sysbios_timers_timer64_Timer_getFreq__E)
                  0081d800    000001c0     ti.drv.cppi.ae66 : cppi_drv.oe66 (.text:Cppi_initCfg)
                  0081d9c0    000001c0     ti.drv.qmss.ae66 : qmss_drv.oe66 (.text:Qmss_internaldownloadFirmware)
                  0081db80    000001c0     ti.drv.srio.ae66 : srio_drv.oe66 (.text:Srio_rxCompletionIsr:Srio_rxCompletionIsr)
                  0081dd40    000001c0                      : srio_drv.oe66 (.text:Srio_sockClose_DIO:Srio_sockClose_DIO)
                  0081df00    000001c0     rts6600_elf.lib : _printfi.obj (.text:_mcpy)
                  0081e0c0    000001c0     sysbios.lib : BIOS.obj (.text:ti_sysbios_knl_Task_checkStacks__E)
                  0081e280    000001c0                 : BIOS.obj (.text:ti_sysbios_timers_timer64_Timer_setPeriodMicroSecs__E)
                  0081e440    000001a0     rts6600_elf.lib : trgdrv.obj (.text:HOSTrename)
                  0081e5e0    000001a0     ipc.lib : Ipc.obj (.text:SharedRegion_getHeap)
                  0081e780    000001a0     rts6600_elf.lib : imath40.obj (.text:__c6xabi_divul)
                  0081e920    000001a0     sysbios.lib : BIOS.obj (.text:ti_sysbios_family_c66_tci66xx_CpIntc_dispatch__F)
                  0081eac0    000001a0                 : BIOS.obj (.text:ti_sysbios_gates_GateMutex_enter__E)
                  0081ec60    000001a0                 : BIOS.obj (.text:ti_sysbios_timers_timer64_Timer_start__E)
                  0081ee00    000001a0     ti.targets.rts6000.ae66 : LoggerBuf.oe66 (.text:xdc_runtime_LoggerBuf_write4__F)
                  0081efa0    00000180     ipc.lib : Ipc.obj (.text:MultiProc_setLocalId)
                  0081f120    00000180     rts6600_elf.lib : copy_decompress_rle.obj (.text:__TI_decompress_rle_core)
                  0081f2a0    00000180                     : setvbuf.obj (.text:setvbuf)
                  0081f420    00000180     sysbios.lib : c64p_Exception_asm.obj (.text)
                  0081f5a0    00000180     ipc.lib : Ipc.obj (.text:ti_sdo_ipc_Notify_Module_startup__F)
                  0081f720    00000180             : Ipc.obj (.text:ti_sdo_utils_NameServer_Module_startup__F)
                  0081f8a0    00000180     sysbios.lib : BIOS.obj (.text:ti_sysbios_heaps_HeapBuf_Module_startup__F)
                  0081fa20    00000180                 : BIOS.obj (.text:ti_sysbios_heaps_HeapMem_Instance_init__F)
                  0081fba0    00000180                 : BIOS.obj (.text:ti_sysbios_knl_Swi_schedule__I)
                  0081fd20    00000180                 : BIOS.obj (.text:ti_sysbios_knl_Task_unblockI__E)
                  0081fea0    00000180     ti.targets.rts6000.ae66 : Text.oe66 (.text:xdc_runtime_Text_putSite__F)
                  00820020    00000160     ti.drv.qmss.ae66 : qmss_drv.oe66 (.text:Qmss_getMemoryRegionCfg)
                  00820180    00000160     ti.drv.srio.ae66 : srio_drv.oe66 (.text:Srio_dioTxCompletionIsr:Srio_dioTxCompletionIsr)
                  008202e0    00000140     ti.csl.ae66 : csl_chip.oe66 (.text:CSL_chipReadReg)
                  00820420    00000140     ti.drv.srio.ae66 : srio_drv.oe66 (.text:Srio_validateDIOBindingId:Srio_validateDIOBindingId)
                  00820560    00000140     boot.ae66 : autoinit.oe66 (.text:_auto_init_elf)
                  008206a0    00000140     rts6600_elf.lib : _printfi.obj (.text:_pproc_fflags)
                  008207e0    00000140                     : fputc.obj (.text:fputc)
                  00820920    00000140                     : lowlev.obj (.text:getdevice)
                  00820a60    00000140     sysbios.lib : BIOS.obj (.text:ti_sysbios_family_c64p_Hwi_Module_startup__F)
                  00820ba0    00000140                 : BIOS.obj (.text:ti_sysbios_family_c66_Cache_Module_startup__F)
                  00820ce0    00000140                 : BIOS.obj (.text:ti_sysbios_gates_GateSwi_enter__E)
                  00820e20    00000140                 : BIOS.obj (.text:ti_sysbios_knl_Clock_Instance_finalize__F)
                  00820f60    00000140                 : BIOS.obj (.text:ti_sysbios_knl_Semaphore_Instance_init__F)
                  008210a0    00000140                 : BIOS.obj (.text:ti_sysbios_knl_Swi_post__E)
                  008211e0    00000140                 : BIOS.obj (.text:ti_sysbios_knl_Task_blockI__E)
                  00821320    00000120     rts6600_elf.lib : _printfi.obj (.text:_ltostr)
                  00821440    00000120                     : _io_perm.obj (.text:_wrt_ok)
                  00821560    00000120                     : fclose.obj (.text:fclose)
                  00821680    00000120     sysbios.lib : BIOS.obj (.text:rtsUnlock$0)
                  008217a0    00000120     ipc.lib : Ipc.obj (.text:ti_sdo_ipc_MessageQ_Module_startup__F)
                  008218c0    00000120     ti.targets.rts6000.ae66 : LoggerBuf.oe66 (.text:xdc_runtime_LoggerBuf_setFilterLevel__F)
                  008219e0    00000120                             : Text.oe66 (.text:xdc_runtime_Text_putLab__F)
                  00821b00    00000100     rts6600_elf.lib : trgdrv.obj (.text:HOSTlseek)
                  00821c00    00000100                     : fflush.obj (.text:fflush)
                  00821d00    00000100     sysbios.lib : BIOS.obj (.text:initDevice$44)
                  00821e00    00000100     ipc.lib : Ipc.obj (.text:ti_sdo_ipc_Notify_Instance_finalize__F)
                  00821f00    00000100     8core-BBT_pe66.oe66 (.text:ti_sdo_ipc_Notify_Object__create__S)
                  00822000    00000100     ipc.lib : Ipc.obj (.text:ti_sdo_ipc_family_c647x_Interrupt_Module_startup__F)
                  00822100    00000100             : Ipc.obj (.text:ti_sdo_ipc_gates_GateHWSem_Module_startup__F)
                  00822200    00000100     sysbios.lib : BIOS.obj (.text:ti_sysbios_family_c64p_EventCombiner_dispatch__F)
                  00822300    00000100     8core-BBT_pe66.oe66 (.text:ti_sysbios_family_c64p_Hwi_Object__create__S)
                  00822400    00000100     sysbios.lib : BIOS.obj (.text:ti_sysbios_gates_GateMutexPri_leave__E)
                  00822500    00000100     8core-BBT_pe66.oe66 (.text:ti_sysbios_hal_Hwi_Object__create__S)
                  00822600    00000100     sysbios.lib : BIOS.obj (.text:ti_sysbios_knl_Clock_startI__E)
                  00822700    00000100                 : BIOS.obj (.text:ti_sysbios_knl_Swi_restoreHwi__E)
                  00822800    00000100     8core-BBT_pe66.oe66 (.text:ti_sysbios_knl_Task_Object__create__S)
                  00822900    00000100     ti.targets.rts6000.ae66 : Core-mem.oe66 (.text:xdc_runtime_Core_deleteObject__I)
                  00822a00    00000100                             : LoggerBuf.oe66 (.text:xdc_runtime_LoggerBuf_getFilterLevel__F)
                  00822b00    00000100                             : Startup.oe66 (.text:xdc_runtime_Startup_exec__F)
                  00822c00    00000100                             : Text.oe66 (.text:xdc_runtime_Text_putMod__F)
                  00822d00    00000100                             : Text.oe66 (.text:xdc_runtime_Text_visitRope2__I)
                  00822e00    000000e0     rts6600_elf.lib : trgdrv.obj (.text:HOSTopen)
                  00822ee0    000000e0                     : divi.obj (.text:__divi)
                  00822fc0    000000e0                     : _printfi.obj (.text:_div)
                  008230a0    000000e0                     : atoi.obj (.text:atoi)
                  00823180    000000e0                     : lowlev.obj (.text:close)
                  00823260    000000e0                     : copy_zero_init.obj (.text:decompress:ZI:__TI_zero_init)
                  00823340    000000e0                     : exit.obj (.text:exit)
                  00823420    000000e0                     : ltoa.obj (.text:ltoa)
                  00823500    000000e0                     : memset.obj (.text:memset)
                  008235e0    000000e0     sysbios.lib : BIOS.obj (.text:ti_sysbios_family_c64p_Hwi_Instance_finalize__F)
                  008236c0    000000e0                 : BIOS.obj (.text:ti_sysbios_family_c64p_Hwi_Instance_init__F)
                  008237a0    000000e0                 : BIOS.obj (.text:ti_sysbios_knl_Clock_start__E)
                  00823880    000000e0                 : BIOS.obj (.text:ti_sysbios_timers_timer64_Timer_startup__E)
                  00823960    000000e0     ti.targets.rts6000.ae66 : Error.oe66 (.text:xdc_runtime_Error_print__F)
                  00823a40    000000e0     8core-BBT_pe66.oe66 (.text:xdc_runtime_LoggerBuf_Object__create__S)
                  00823b20    000000e0     ti.targets.rts6000.ae66 : Memory.oe66 (.text:xdc_runtime_Memory_alloc__F)
                  00823c00    000000e0     8core-BBT_pe66.oe66 (.text:xdc_runtime_knl_GateThread_Object__create__S)
                  00823ce0    000000c0     rts6600_elf.lib : trgdrv.obj (.text:HOSTread)
                  00823da0    000000c0                     : trgdrv.obj (.text:HOSTunlink)
                  00823e60    000000c0                     : trgdrv.obj (.text:HOSTwrite)
                  00823f20    000000c0     ti.drv.qmss.ae66 : qmss_drv.oe66 (.text:Qmss_setEoiVector)
                  00823fe0    000000c0                      : qmss_drv.oe66 (.text:Qmss_setQueueThreshold)
                  008240a0    000000c0     ti.drv.srio.ae66 : srio_drv.oe66 (.text:Srio_flushSockData:Srio_flushSockData)
                  00824160    000000c0                      : srio_drv.oe66 (.text:Srio_getDescSize:Srio_getDescSize)
                  00824220    000000c0                      : srio_drv.oe66 (.text:Srio_initSockData:Srio_initSockData)
                  008242e0    000000c0     rts6600_elf.lib : dtor_list.obj (.text:__cxa_finalize)
                  008243a0    000000c0                     : divu.obj (.text:__divu)
                  00824460    000000c0                     : fopen.obj (.text:_cleanup)
                  00824520    000000c0                     : fflush.obj (.text:_doflush)
                  008245e0    000000c0     bbt_osal.obj (.text)
                  008246a0    000000c0     rts6600_elf.lib : fseek.obj (.text:fseek)
                  00824760    000000c0                     : lowlev.obj (.text:lseek)
                  00824820    000000c0     sysbios.lib : BIOS.obj (.text:ti_sysbios_BIOS_errorRaiseHook__I)
                  008248e0    000000c0                 : BIOS.obj (.text:ti_sysbios_gates_GateAll_leave__E)
                  008249a0    000000c0                 : BIOS.obj (.text:ti_sysbios_heaps_HeapMem_getStats__E)
                  00824a60    000000c0                 : BIOS.obj (.text:ti_sysbios_knl_Clock_logTick__E)
                  00824b20    000000c0                 : BIOS.obj (.text:ti_sysbios_timers_timer64_Timer_stop__E)
                  00824be0    000000c0     rts6600_elf.lib : lowlev.obj (.text:write)
                  00824ca0    000000c0     ti.targets.rts6000.ae66 : LoggerBuf.oe66 (.text:xdc_runtime_LoggerBuf_Instance_init__F)
                  00824d60    000000c0                             : System.oe66 (.text:xdc_runtime_System_formatNum__I)
                  00824e20    000000a0     ti.drv.cppi.ae66 : cppi_drv.oe66 (.text:Cppi_channelEnable)
                  00824ec0    000000a0     rts6600_elf.lib : trgdrv.obj (.text:HOSTclose)
                  00824f60    000000a0     ti.drv.qmss.ae66 : qmss_drv.oe66 (.text:Qmss_queueClose)
                  00825000    000000a0                      : qmss_drv.oe66 (.text:Qmss_startCfg)
                  008250a0    000000a0     rts6600_elf.lib : remu.obj (.text:__remu)
                  00825140    000000a0     boot.ae66 : boot.oe66 (.text:_c_int00)
                  008251e0    000000a0     rts6600_elf.lib : _printfi.obj (.text:_ecpy)
                  00825280    000000a0                     : _printfi.obj (.text:_fcpy)
                  00825320    000000a0                     : _printfi.obj (.text:_pconv_f)
                  008253c0    000000a0     sysbios.lib : c64p_Hwi_asm.obj (.text:_ti_sysbios_family_c64p_Hwi_plug__E)
                  00825460    000000a0     ti.drv.cppi.ae66 : cppi_heap.oe66 (.text:cppi_internal_heap_malloc)
                  00825500    000000a0                      : cppi_listlib.oe66 (.text:cppi_list_cat)
                  008255a0    000000a0     rts6600_elf.lib : lowlev.obj (.text:finddevice)
                  00825640    000000a0                     : memcpy64.obj (.text:memcpy)
                  008256e0    000000a0     sysbios.lib : BIOS.obj (.text:ti_sysbios_heaps_HeapMem_init__I)
                  00825780    000000a0     8core-BBT_pe66.oe66 (.text:ti_sysbios_knl_Clock_Object__create__S)
                  00825820    000000a0     ti.targets.rts6000.ae66 : Assert.oe66 (.text:xdc_runtime_Assert_raise__I)
                  008258c0    000000a0                             : LoggerBuf.oe66 (.text:xdc_runtime_LoggerBuf_Module_startup__F)
                  00825960    00000080     ti.drv.cppi.ae66 : cppi_drv.oe66 (.text:Cppi_setCpdmaLoopback)
                  008259e0    00000080     ti.drv.qmss.ae66 : qmss_drv.oe66 (.text:Qmss_getMemRegQueueHandle)
                  00825a60    00000080                      : qmss_drv.oe66 (.text:Qmss_queueOpen)
                  00825ae0    00000080     rts6600_elf.lib : dtor_list.obj (.text:_Z11__TI_atexitPFYvPvES_S_)
                  00825b60    00000080                     : fixdu.obj (.text:__c6xabi_fixdu)
                  00825be0    00000080                     : llshift.obj (.text:__c6xabi_llshl)
                  00825c60    00000080     sysbios.lib : c62_TaskSupport_asm.obj (.text:_ti_sysbios_family_c62_TaskSupport_swap__E)
                  00825ce0    00000080     ti.drv.cppi.ae66 : cppi_heap.oe66 (.text:cppi_internal_heap_cache_begin)
                  00825d60    00000080                      : cppi_listlib.oe66 (.text:cppi_list_remove)
                  00825de0    00000080     evm66x_i2c.obj (.text)
                  00825e60    00000080     8core-BBT_pe66.oe66 (.text:malloc)
                  00825ee0    00000080     rts6600_elf.lib : printf.obj (.text:printf)
                  00825f60    00000080                     : trgmsg.obj (.text:readmsg)
                  00825fe0    00000080                     : strncpy.obj (.text:strncpy)
                  00826060    00000080     8core-BBT_pe66.oe66 (.text:ti_sdo_utils_List_Object__create__S)
                  008260e0    00000080     8core-BBT_pe66.oe66 (.text:ti_sysbios_BIOS_exitFunc__I)
                  00826160    00000080     sysbios.lib : BIOS.obj (.text:ti_sysbios_family_c62_TaskSupport_start__E)
                  008261e0    00000080                 : BIOS.obj (.text:ti_sysbios_family_c64p_Exception_Module_startup__F)
                  00826260    00000080                 : BIOS.obj (.text:ti_sysbios_family_c64p_Hwi_eventMap__E)
                  008262e0    00000080                 : BIOS.obj (.text:ti_sysbios_family_c66_Cache_invL1pAll__E)
                  00826360    00000080                 : BIOS.obj (.text:ti_sysbios_family_c66_tci66xx_CpIntc_getEventId__F)
                  008263e0    00000080                 : BIOS.obj (.text:ti_sysbios_family_c66_tci66xx_CpIntc_mapSysIntToHostInt__F)
                  00826460    00000080     8core-BBT_pe66.oe66 (.text:ti_sysbios_gates_GateAll_Object__create__S)
                  008264e0    00000080     8core-BBT_pe66.oe66 (.text:ti_sysbios_gates_GateHwi_Object__create__S)
                  00826560    00000080     8core-BBT_pe66.oe66 (.text:ti_sysbios_gates_GateMutexPri_Object__create__S)
                  008265e0    00000080     8core-BBT_pe66.oe66 (.text:ti_sysbios_gates_GateMutex_Object__create__S)
                  00826660    00000080     8core-BBT_pe66.oe66 (.text:ti_sysbios_gates_GateSwi_Object__create__S)
                  008266e0    00000080     sysbios.lib : BIOS.obj (.text:ti_sysbios_gates_GateSwi_leave__E)
                  00826760    00000080                 : BIOS.obj (.text:ti_sysbios_hal_Hwi_checkStack:ti_sysbios_hal_Hwi_checkStack)
                  008267e0    00000080     8core-BBT_pe66.oe66 (.text:ti_sysbios_heaps_HeapMem_Object__create__S)
                  00826860    00000080     sysbios.lib : BIOS.obj (.text:ti_sysbios_knl_Clock_Module_startup__F)
                  008268e0    00000080     8core-BBT_pe66.oe66 (.text:ti_sysbios_knl_Clock_doTick__I)
                  00826960    00000080     sysbios.lib : BIOS.obj (.text:ti_sysbios_knl_Clock_getTicks__E)
                  008269e0    00000080                 : BIOS.obj (.text:ti_sysbios_knl_Idle_loop__E)
                  00826a60    00000080     8core-BBT_pe66.oe66 (.text:ti_sysbios_knl_Queue_Object__create__S)
                  00826ae0    00000080     8core-BBT_pe66.oe66 (.text:ti_sysbios_knl_Semaphore_Object__create__S)
                  00826b60    00000080     sysbios.lib : BIOS.obj (.text:ti_sysbios_knl_Semaphore_pendTimeout__I)
                  00826be0    00000080                 : BIOS.obj (.text:ti_sysbios_knl_Swi_startup__E)
                  00826c60    00000080                 : BIOS.obj (.text:ti_sysbios_knl_Task_restore__E)
                  00826ce0    00000080                 : BIOS.obj (.text:ti_sysbios_timers_timer64_Timer_getCount__E)
                  00826d60    00000080                 : BIOS.obj (.text:ti_sysbios_timers_timer64_Timer_getPeriod__E)
                  00826de0    00000080     8core-BBT_pe66.oe66 (.text:ti_sysbios_xdcruntime_GateThreadSupport_Object__create__S)
                  00826e60    00000080     rts6600_elf.lib : lowlev.obj (.text:unlink)
                  00826ee0    00000080     ti.targets.rts6000.ae66 : Core-label.oe66 (.text:xdc_runtime_Core_assignLabel__I)
                  00826f60    00000080                             : Core-params.oe66 (.text:xdc_runtime_Core_assignParams__I)
                  00826fe0    00000080                             : LoggerBuf.oe66 (.text:xdc_runtime_LoggerBuf_filterOutEvent__I)
                  00827060    00000080                             : System.oe66 (.text:xdc_runtime_System_atexit__F)
                  008270e0    00000080                             : System.oe66 (.text:xdc_runtime_System_rtsExit__I)
                  00827160    00000080                             : Text.oe66 (.text:xdc_runtime_Text_printVisFxn__I)
                  008271e0    00000080                             : Text.oe66 (.text:xdc_runtime_Text_xprintf__I)
                  00827260    00000060     ti.drv.srio.ae66 : listlib.oe66 (.text:Srio_listCat)
                  008272c0    00000060                      : listlib.oe66 (.text:Srio_listRemoveNode)
                  00827320    00000060     rts6600_elf.lib : frcmpyd_div.obj (.text:__c6xabi_frcmpyd_div)
                  00827380    00000060                     : llshift.obj (.text:__c6xabi_llshru)
                  008273e0    00000060                     : imath64.obj (.text:_subcull)
                  00827440    00000060     ti.drv.cppi.ae66 : cppi_listlib.oe66 (.text:cppi_list_add)
                  008274a0    00000060                      : cppi_listlib.oe66 (.text:cppi_list_cache_invalidate)
                  00827500    00000060     rts6600_elf.lib : memccpy.obj (.text:memccpy)
                  00827560    00000060                     : memcmp.obj (.text:memcmp)
                  008275c0    00000060                     : strcpy.obj (.text:strcpy)
                  00827620    00000060     sysbios.lib : BIOS.obj (.text:ti_sysbios_BIOS_registerRTSLock__I)
                  00827680    00000060                 : BIOS.obj (.text:ti_sysbios_family_c64p_EventCombiner_Module_startup__F)
                  008276e0    00000060                 : BIOS.obj (.text:ti_sysbios_family_c64p_EventCombiner_dispatchPlug__F)
                  00827740    00000060                 : BIOS.obj (.text:ti_sysbios_family_c64p_EventCombiner_unused__F)
                  008277a0    00000060     8core-BBT_pe66.oe66 (.text:ti_sysbios_family_c64p_Hwi_Object__delete__S)
                  00827800    00000060     sysbios.lib : BIOS.obj (.text:ti_sysbios_family_c66_tci66xx_CpIntc_unused__F)
                  00827860    00000060     8core-BBT_pe66.oe66 (.text:ti_sysbios_gates_GateAll_Object__delete__S)
                  008278c0    00000060     sysbios.lib : BIOS.obj (.text:ti_sysbios_gates_GateAll_enter__E)
                  00827920    00000060     8core-BBT_pe66.oe66 (.text:ti_sysbios_gates_GateHwi_Object__delete__S)
                  00827980    00000060     8core-BBT_pe66.oe66 (.text:ti_sysbios_gates_GateMutexPri_Object__delete__S)
                  008279e0    00000060     sysbios.lib : BIOS.obj (.text:ti_sysbios_gates_GateMutex_Instance_init__F)
                  00827a40    00000060     8core-BBT_pe66.oe66 (.text:ti_sysbios_gates_GateMutex_Object__delete__S)
                  00827aa0    00000060     8core-BBT_pe66.oe66 (.text:ti_sysbios_gates_GateSwi_Object__delete__S)
                  00827b00    00000060     sysbios.lib : BIOS.obj (.text:ti_sysbios_hal_Hwi_Instance_init__F)
                  00827b60    00000060                 : BIOS.obj (.text:ti_sysbios_hal_Hwi_initStack:ti_sysbios_hal_Hwi_initStack)
                  00827bc0    00000060     8core-BBT_pe66.oe66 (.text:ti_sysbios_heaps_HeapMem_Object__delete__S)
                  00827c20    00000060     8core-BBT_pe66.oe66 (.text:ti_sysbios_knl_Semaphore_Object__delete__S)
                  00827c80    00000060     sysbios.lib : BIOS.obj (.text:ti_sysbios_knl_Swi_Module_startup__F)
                  00827ce0    00000060     8core-BBT_pe66.oe66 (.text:ti_sysbios_knl_Task_Object__delete__S)
                  00827d40    00000060     sysbios.lib : BIOS.obj (.text:ti_sysbios_knl_Task_allBlockedFunction__I)
                  00827da0    00000060                 : BIOS.obj (.text:ti_sysbios_knl_Task_enter__I)
                  00827e00    00000060     8core-BBT_pe66.oe66 (.text:ti_sysbios_xdcruntime_GateThreadSupport_Object__delete__S)
                  00827e60    00000060     rts6600_elf.lib : vsprintf.obj (.text:vsprintf)
                  00827ec0    00000060                     : trgmsg.obj (.text:writemsg)
                  00827f20    00000060     8core-BBT_pe66.oe66 (.text:xdc_runtime_GateNull_Object__create__S)
                  00827f80    00000060     8core-BBT_pe66.oe66 (.text:xdc_runtime_GateNull_Object__delete__S)
                  00827fe0    00000060     8core-BBT_pe66.oe66 (.text:xdc_runtime_LoggerBuf_Object__delete__S)
                  00828040    00000060     ti.targets.rts6000.ae66 : Memory.oe66 (.text:xdc_runtime_Memory_calloc__F)
                  008280a0    00000060                             : SysStd.oe66 (.text:xdc_runtime_SysStd_abort__F)
                  00828100    00000060                             : System.oe66 (.text:xdc_runtime_System_avprintf__F)
                  00828160    00000060                             : System.oe66 (.text:xdc_runtime_System_vprintf__F)
                  008281c0    00000060                             : Text.oe66 (.text:xdc_runtime_Text_cordText__F)
                  00828220    00000060     8core-BBT_pe66.oe66 (.text:xdc_runtime_knl_GateThread_Object__delete__S)
                  00828280    00000040     ti.drv.qmss.ae66 : qmss_drv.oe66 (.text:Qmss_ackInterrupt)
                  008282c0    00000040                      : qmss_drv.oe66 (.text:Qmss_getMemRegDescSize)
                  00828300    00000040     ti.drv.srio.ae66 : srio_drv.oe66 (.text:Srio_freeRxDrvBuffer:Srio_freeRxDrvBuffer)
                  00828340    00000040                      : listlib.oe66 (.text:Srio_listAdd)
                  00828380    00000040                      : listlib.oe66 (.text:Srio_listRemove)
                  008283c0    00000040     rts6600_elf.lib : isinf.obj (.text:__c6xabi_isinf)
                  00828400    00000040                     : _printfi.obj (.text:__c6xabi_isnan)
                  00828440    00000040                     : strasg.obj (.text:__strasgi_64plus)
                  00828480    00000040                     : args_main.obj (.text:_args_main)
                  008284c0    00000040                     : vsprintf.obj (.text:_outs)
                  00828500    00000040     sysbios.lib : c62_TaskSupport_asm.obj (.text:_ti_sysbios_family_c62_TaskSupport_buildTaskStack)
                  00828540    00000040                 : c64p_Hwi_asm_switch.obj (.text:_ti_sysbios_family_xxx_Hwi_switchToIsrStack)
                  00828580    00000040     8core-BBT_pe66.oe66 (.text:free)
                  008285c0    00000040     sysbios.lib : BIOS.obj (.text:rtsLock$0)
                  00828600    00000040     rts6600_elf.lib : strcmp.obj (.text:strcmp)
                  00828640    00000040                     : strlen.obj (.text:strlen)
                  00828680    00000040     8core-BBT_pe66.oe66 (.text:ti_sdo_utils_NameServer_Module__startupDone__F)
                  008286c0    00000040     8core-BBT_pe66.oe66 (.text:ti_sdo_utils_NameServer_Object__get__S)
                  00828700    00000040     8core-BBT_pe66.oe66 (.text:ti_sysbios_BIOS_startFunc__I)
                  00828740    00000040     sysbios.lib : BIOS.obj (.text:ti_sysbios_BIOS_start__E)
                  00828780    00000040                 : BIOS.obj (.text:ti_sysbios_family_c64p_EventCombiner_enableEvent__F)
                  008287c0    00000040     8core-BBT_pe66.oe66 (.text:ti_sysbios_family_c64p_Hwi_Module__startupDone__F)
                  00828800    00000040     sysbios.lib : BIOS.obj (.text:ti_sysbios_family_c64p_Hwi_disableInterrupt__E)
                  00828840    00000040                 : BIOS.obj (.text:ti_sysbios_family_c64p_Hwi_enableInterrupt__E)
                  00828880    00000040                 : BIOS.obj (.text:ti_sysbios_family_c66_tci66xx_CpIntc_dispatchPlug__F)
                  008288c0    00000040     8core-BBT_pe66.oe66 (.text:ti_sysbios_gates_GateAll_Handle__label__S)
                  00828900    00000040     8core-BBT_pe66.oe66 (.text:ti_sysbios_gates_GateHwi_Handle__label__S)
                  00828940    00000040     8core-BBT_pe66.oe66 (.text:ti_sysbios_gates_GateMutexPri_Handle__label__S)
                  00828980    00000040     sysbios.lib : BIOS.obj (.text:ti_sysbios_gates_GateMutexPri_Instance_finalize__F)
                  008289c0    00000040                 : BIOS.obj (.text:ti_sysbios_gates_GateMutexPri_Instance_init__F)
                  00828a00    00000040     8core-BBT_pe66.oe66 (.text:ti_sysbios_gates_GateMutexPri_Object__destruct__S)
                  00828a40    00000040     8core-BBT_pe66.oe66 (.text:ti_sysbios_gates_GateMutex_Handle__label__S)
                  00828a80    00000040     sysbios.lib : BIOS.obj (.text:ti_sysbios_gates_GateMutex_Instance_finalize__F)
                  00828ac0    00000040                 : BIOS.obj (.text:ti_sysbios_gates_GateMutex_leave__E)
                  00828b00    00000040     8core-BBT_pe66.oe66 (.text:ti_sysbios_gates_GateSwi_Handle__label__S)
                  00828b40    00000040     sysbios.lib : BIOS.obj (.text:ti_sysbios_hal_Hwi_Instance_finalize__F)
                  00828b80    00000040     8core-BBT_pe66.oe66 (.text:ti_sysbios_hal_Timer_Module__startupDone__F)
                  00828bc0    00000040     8core-BBT_pe66.oe66 (.text:ti_sysbios_heaps_HeapMem_Handle__label__S)
                  00828c00    00000040     8core-BBT_pe66.oe66 (.text:ti_sysbios_heaps_HeapMem_Object__get__S)
                  00828c40    00000040     8core-BBT_pe66.oe66 (.text:ti_sysbios_knl_Clock_Object__destruct__S)
                  00828c80    00000040     sysbios.lib : BIOS.obj (.text:ti_sysbios_knl_Semaphore_Instance_finalize__F)
                  00828cc0    00000040     8core-BBT_pe66.oe66 (.text:ti_sysbios_knl_Semaphore_Object__destruct__S)
                  00828d00    00000040     8core-BBT_pe66.oe66 (.text:ti_sysbios_knl_Swi_Object__get__S)
                  00828d40    00000040     8core-BBT_pe66.oe66 (.text:ti_sysbios_knl_Task_Object__get__S)
                  00828d80    00000040     8core-BBT_pe66.oe66 (.text:ti_sysbios_timers_timer64_Timer_Module__startupDone__F)
                  00828dc0    00000040     sysbios.lib : BIOS.obj (.text:ti_sysbios_xdcruntime_GateThreadSupport_Instance_finalize__F)
                  00828e00    00000040                 : BIOS.obj (.text:ti_sysbios_xdcruntime_GateThreadSupport_Instance_init__F)
                  00828e40    00000040                 : BIOS.obj (.text:ti_sysbios_xdcruntime_GateThreadSupport_enter__F)
                  00828e80    00000040                 : BIOS.obj (.text:ti_sysbios_xdcruntime_GateThreadSupport_leave__F)
                  00828ec0    00000040     ti.targets.rts6000.ae66 : Error.oe66 (.text:xdc_runtime_Error_check__F)
                  00828f00    00000040                             : Error.oe66 (.text:xdc_runtime_Error_init__F)
                  00828f40    00000040     8core-BBT_pe66.oe66 (.text:xdc_runtime_GateNull_Handle__label__S)
                  00828f80    00000040     ti.targets.rts6000.ae66 : Gate.oe66 (.text:xdc_runtime_Gate_leaveSystem__F)
                  00828fc0    00000040     8core-BBT_pe66.oe66 (.text:xdc_runtime_LoggerBuf_Handle__label__S)
                  00829000    00000040     ti.targets.rts6000.ae66 : LoggerBuf.oe66 (.text:xdc_runtime_LoggerBuf_Instance_finalize__F)
                  00829040    00000040     8core-BBT_pe66.oe66 (.text:xdc_runtime_LoggerBuf_Object__get__S)
                  00829080    00000040     ti.targets.rts6000.ae66 : LoggerBuf.oe66 (.text:xdc_runtime_LoggerBuf_write0__F)
                  008290c0    00000040                             : LoggerBuf.oe66 (.text:xdc_runtime_LoggerBuf_write1__F)
                  00829100    00000040                             : LoggerBuf.oe66 (.text:xdc_runtime_LoggerBuf_write2__F)
                  00829140    00000040                             : Memory.oe66 (.text:xdc_runtime_Memory_free__F)
                  00829180    00000040                             : Registry.oe66 (.text:xdc_runtime_Registry_findById__F)
                  008291c0    00000040                             : System.oe66 (.text:xdc_runtime_System_abort__F)
                  00829200    00000040     8core-BBT_pe66.oe66 (.text:xdc_runtime_System_aprintf__E)
                  00829240    00000040     8core-BBT_pe66.oe66 (.text:xdc_runtime_System_printf__E)
                  00829280    00000040     ti.targets.rts6000.ae66 : Text.oe66 (.text:xdc_runtime_Text_ropeText__F)
                  008292c0    00000040     8core-BBT_pe66.oe66 (.text:xdc_runtime_knl_GateThread_Handle__label__S)
                  00829300    00000040     ti.targets.rts6000.ae66 : GateThread.oe66 (.text:xdc_runtime_knl_GateThread_Instance_finalize__F)
                  00829340    00000040                             : GateThread.oe66 (.text:xdc_runtime_knl_GateThread_Instance_init__F)
                  00829380    00000020     ti.csl.ae66 : csl_gpioGetBaseAddress.oe66 (.text:CSL_GPIO_open)
                  008293a0    00000020                 : csl_srioGetBaseAddress.oe66 (.text:CSL_SRIO_Open)
                  008293c0    00000020     ti.drv.cppi.ae66 : cppi_drv.oe66 (.text:Cppi_getFlowId)
                  008293e0    00000020                      : cppi_drv.oe66 (.text:Cppi_init)
                  00829400    00000020     ti.drv.qmss.ae66 : qmss_drv.oe66 (.text:Qmss_getQueueHandle)
                  00829420    00000020                      : qmss_drv.oe66 (.text:Qmss_getQueueNumber)
                  00829440    00000020                      : qmss_drv.oe66 (.text:Qmss_start)
                  00829460    00000020     ti.drv.srio.ae66 : listlib.oe66 (.text:Srio_listGetHead)
                  00829480    00000020                      : listlib.oe66 (.text:Srio_listGetNext)
                  008294a0    00000020     rts6600_elf.lib : negll.obj (.text:__c6xabi_negll)
                  008294c0    00000020                     : dtor_list.obj (.text:__cxa_atexit)
                  008294e0    00000020                     : dtor_list.obj (.text:__cxa_ia64_exit)
                  00829500    00000020     ti.targets.rts6000.ae66 : xdc_noinit.oe66 (.text:__xdc__init)
                  00829520    00000020     rts6600_elf.lib : _lock.obj (.text:_nop)
                  00829540    00000020                     : printf.obj (.text:_outc)
                  00829560    00000020                     : vsprintf.obj (.text:_outc)
                  00829580    00000020                     : printf.obj (.text:_outs)
                  008295a0    00000020                     : _lock.obj (.text:_register_lock)
                  008295c0    00000020                     : _lock.obj (.text:_register_unlock)
                  008295e0    00000020     sysbios.lib : c62_TaskSupport_asm.obj (.text:_ti_sysbios_family_c62_TaskSupport_glue)
                  00829600    00000020                 : c64p_Hwi_asm_switch.obj (.text:_ti_sysbios_family_xxx_Hwi_switchToTaskStack)
                  00829620    00000020     rts6600_elf.lib : exit.obj (.text:abort)
                  00829640    00000020                     : dtor_list.obj (.text:atexit)
                  00829660    00000020     ti.drv.cppi.ae66 : cppi_listlib.oe66 (.text:cppi_list_get_head)
                  00829680    00000020                      : cppi_listlib.oe66 (.text:cppi_list_get_next)
                  008296a0    00000020     rts6600_elf.lib : copy_decompress_none.obj (.text:decompress:none:__TI_decompress_none)
                  008296c0    00000020                     : copy_decompress_rle.obj (.text:decompress:rle24:__TI_decompress_rle24)
                  008296e0    00000020     sysbios.lib : BIOS.obj (.text:nullFunc$0)
                  00829700    00000020     rts6600_elf.lib : fputc.obj (.text:putc)
                  00829720    00000020                     : fputc.obj (.text:putchar)
                  00829740    00000020     8core-BBT_pe66.oe66 (.text:ti_sdo_ipc_MessageQ_Object__get__S)
                  00829760    00000020     ipc.lib : Ipc.obj (.text:ti_sdo_utils_List_Instance_init__F)
                  00829780    00000020     8core-BBT_pe66.oe66 (.text:ti_sdo_utils_List_Object__destruct__S)
                  008297a0    00000020     8core-BBT_pe66.oe66 (.text:ti_sdo_utils_List_Object__get__S)
                  008297c0    00000020     ipc.lib : Ipc.obj (.text:ti_sdo_utils_MultiProc_getClusterId__F)
                  008297e0    00000020     8core-BBT_pe66.oe66 (.text:ti_sysbios_BIOS_RtsGateProxy_enter__E)
                  00829800    00000020     8core-BBT_pe66.oe66 (.text:ti_sysbios_BIOS_RtsGateProxy_leave__E)
                  00829820    00000020     sysbios.lib : BIOS.obj (.text:ti_sysbios_BIOS_setThreadType__E)
                  00829840    00000020     8core-BBT_pe66.oe66 (.text:ti_sysbios_family_c62_TaskSupport_Module__startupDone__S)
                  00829860    00000020     sysbios.lib : BIOS.obj (.text:ti_sysbios_family_c62_TaskSupport_checkStack__E)
                  00829880    00000020                 : BIOS.obj (.text:ti_sysbios_family_c62_TaskSupport_getStackAlignment__E)
                  008298a0    00000020                 : BIOS.obj (.text:ti_sysbios_family_c64p_Hwi_clearInterrupt__E)
                  008298c0    00000020                 : BIOS.obj (.text:ti_sysbios_family_c64p_Hwi_startup__E)
                  008298e0    00000020                 : BIOS.obj (.text:ti_sysbios_family_c64p_Hwi_switchFromBootStack__E)
                  00829900    00000020                 : BIOS.obj (.text:ti_sysbios_family_c64p_Hwi_unPluggedInterrupt__I)
                  00829920    00000020                 : BIOS.obj (.text:ti_sysbios_family_c64p_TimestampProvider_Module_startup__F)
                  00829940    00000020                 : BIOS.obj (.text:ti_sysbios_family_c64p_TimestampProvider_get64__E)
                  00829960    00000020                 : BIOS.obj (.text:ti_sysbios_family_c64p_tci6488_TimerSupport_enable__E)
                  00829980    00000020                 : BIOS.obj (.text:ti_sysbios_family_c66_Cache_wbInv__E)
                  008299a0    00000020                 : BIOS.obj (.text:ti_sysbios_family_c66_tci66xx_CpIntc_enableHostInt__F)
                  008299c0    00000020                 : BIOS.obj (.text:ti_sysbios_family_c66_tci66xx_CpIntc_enableSysInt__F)
                  008299e0    00000020                 : BIOS.obj (.text:ti_sysbios_gates_GateAll_Instance_init__F)
                  00829a00    00000020                 : BIOS.obj (.text:ti_sysbios_gates_GateAll_query__F)
                  00829a20    00000020                 : BIOS.obj (.text:ti_sysbios_gates_GateHwi_Instance_init__F)
                  00829a40    00000020                 : BIOS.obj (.text:ti_sysbios_gates_GateHwi_enter__E)
                  00829a60    00000020                 : BIOS.obj (.text:ti_sysbios_gates_GateHwi_leave__E)
                  00829a80    00000020                 : BIOS.obj (.text:ti_sysbios_gates_GateHwi_query__F)
                  00829aa0    00000020                 : BIOS.obj (.text:ti_sysbios_gates_GateMutexPri_query__F)
                  00829ac0    00000020                 : BIOS.obj (.text:ti_sysbios_gates_GateMutex_query__F)
                  00829ae0    00000020                 : BIOS.obj (.text:ti_sysbios_gates_GateSwi_Instance_init__F)
                  00829b00    00000020                 : BIOS.obj (.text:ti_sysbios_gates_GateSwi_query__F)
                  00829b20    00000020     8core-BBT_pe66.oe66 (.text:ti_sysbios_hal_Hwi_HwiProxy_Module__startupDone__S)
                  00829b40    00000020     8core-BBT_pe66.oe66 (.text:ti_sysbios_hal_Hwi_HwiProxy_Object__create__S)
                  00829b60    00000020     8core-BBT_pe66.oe66 (.text:ti_sysbios_hal_Hwi_HwiProxy_Object__delete__S)
                  00829b80    00000020     sysbios.lib : BIOS.obj (.text:ti_sysbios_hal_Hwi_Module_startup__F)
                  00829ba0    00000020     8core-BBT_pe66.oe66 (.text:ti_sysbios_hal_Hwi_Params__init__S)
                  00829bc0    00000020     sysbios.lib : BIOS.obj (.text:ti_sysbios_hal_Timer_Module_startup__F)
                  00829be0    00000020     8core-BBT_pe66.oe66 (.text:ti_sysbios_hal_Timer_TimerProxy_Module__startupDone__S)
                  00829c00    00000020     8core-BBT_pe66.oe66 (.text:ti_sysbios_hal_Timer_TimerProxy_getExpiredCounts__E)
                  00829c20    00000020     8core-BBT_pe66.oe66 (.text:ti_sysbios_hal_Timer_TimerProxy_getPeriod__E)
                  00829c40    00000020     8core-BBT_pe66.oe66 (.text:ti_sysbios_hal_Timer_TimerProxy_setNextTick__E)
                  00829c60    00000020     8core-BBT_pe66.oe66 (.text:ti_sysbios_heaps_HeapBuf_Object__get__S)
                  00829c80    00000020     8core-BBT_pe66.oe66 (.text:ti_sysbios_heaps_HeapMem_Module_GateProxy_enter__E)
                  00829ca0    00000020     8core-BBT_pe66.oe66 (.text:ti_sysbios_heaps_HeapMem_Module_GateProxy_leave__E)
                  00829cc0    00000020     sysbios.lib : BIOS.obj (.text:ti_sysbios_heaps_HeapMem_isBlocking__E)
                  00829ce0    00000020     8core-BBT_pe66.oe66 (.text:ti_sysbios_knl_Clock_Params__init__S)
                  00829d00    00000020     sysbios.lib : BIOS.obj (.text:ti_sysbios_knl_Queue_Instance_init__F)
                  00829d20    00000020     8core-BBT_pe66.oe66 (.text:ti_sysbios_knl_Queue_Object__destruct__S)
                  00829d40    00000020     8core-BBT_pe66.oe66 (.text:ti_sysbios_knl_Queue_Object__get__S)
                  00829d60    00000020     sysbios.lib : BIOS.obj (.text:ti_sysbios_knl_Queue_empty__E)
                  00829d80    00000020                 : BIOS.obj (.text:ti_sysbios_knl_Swi_disable__E)
                  00829da0    00000020     8core-BBT_pe66.oe66 (.text:ti_sysbios_knl_Task_Object__first__S)
                  00829dc0    00000020     8core-BBT_pe66.oe66 (.text:ti_sysbios_knl_Task_Object__next__S)
                  00829de0    00000020     8core-BBT_pe66.oe66 (.text:ti_sysbios_knl_Task_Params__init__S)
                  00829e00    00000020     8core-BBT_pe66.oe66 (.text:ti_sysbios_knl_Task_SupportProxy_Module__startupDone__S)
                  00829e20    00000020     sysbios.lib : BIOS.obj (.text:ti_sysbios_knl_Task_disable__E)
                  00829e40    00000020                 : BIOS.obj (.text:ti_sysbios_timers_timer64_Timer_setNextTick__E)
                  00829e60    00000020     ti.targets.rts6000.ae66 : GateNull.oe66 (.text:xdc_runtime_GateNull_enter__F)
                  00829e80    00000020                             : GateNull.oe66 (.text:xdc_runtime_GateNull_leave__F)
                  00829ea0    00000020                             : GateNull.oe66 (.text:xdc_runtime_GateNull_query__F)
                  00829ec0    00000020                             : Gate.oe66 (.text:xdc_runtime_Gate_enterSystem__F)
                  00829ee0    00000020     8core-BBT_pe66.oe66 (.text:xdc_runtime_IHeap_alloc)
                  00829f00    00000020     8core-BBT_pe66.oe66 (.text:xdc_runtime_IHeap_free)
                  00829f20    00000020     8core-BBT_pe66.oe66 (.text:xdc_runtime_LoggerBuf_Module_GateProxy_enter__E)
                  00829f40    00000020     8core-BBT_pe66.oe66 (.text:xdc_runtime_LoggerBuf_Module_GateProxy_leave__E)
                  00829f60    00000020     ti.targets.rts6000.ae66 : LoggerBuf.oe66 (.text:xdc_runtime_LoggerBuf_disable__F)
                  00829f80    00000020                             : LoggerBuf.oe66 (.text:xdc_runtime_LoggerBuf_enable__F)
                  00829fa0    00000020     8core-BBT_pe66.oe66 (.text:xdc_runtime_Memory_HeapProxy_alloc__E)
                  00829fc0    00000020     8core-BBT_pe66.oe66 (.text:xdc_runtime_Memory_HeapProxy_free__E)
                  00829fe0    00000020     8core-BBT_pe66.oe66 (.text:xdc_runtime_Startup_Module__startupDone__S)
                  0082a000    00000020     8core-BBT_pe66.oe66 (.text:xdc_runtime_Startup_exec__I)
                  0082a020    00000020     8core-BBT_pe66.oe66 (.text:xdc_runtime_Startup_reset__I)
                  0082a040    00000020     ti.targets.rts6000.ae66 : Startup.oe66 (.text:xdc_runtime_Startup_rtsDone__F)
                  0082a060    00000020                             : SysStd.oe66 (.text:xdc_runtime_SysStd_exit__F)
                  0082a080    00000020                             : SysStd.oe66 (.text:xdc_runtime_SysStd_putch__F)
                  0082a0a0    00000020                             : SysStd.oe66 (.text:xdc_runtime_SysStd_ready__F)
                  0082a0c0    00000020     8core-BBT_pe66.oe66 (.text:xdc_runtime_System_Module_GateProxy_enter__E)
                  0082a0e0    00000020     8core-BBT_pe66.oe66 (.text:xdc_runtime_System_Module_GateProxy_leave__E)
                  0082a100    00000020     ti.targets.rts6000.ae66 : System.oe66 (.text:xdc_runtime_System_Module_startup__F)
                  0082a120    00000020                             : System.oe66 (.text:xdc_runtime_System_exit__F)
                  0082a140    00000020                             : System.oe66 (.text:xdc_runtime_System_lastFxn__I)
                  0082a160    00000020                             : System.oe66 (.text:xdc_runtime_System_vsprintf__F)
                  0082a180    00000020     8core-BBT_pe66.oe66 (.text:xdc_runtime_Text_visitRope__I)
                  0082a1a0    00000020     8core-BBT_pe66.oe66 (.text:xdc_runtime_knl_GateThread_Module__startupDone__S)
                  0082a1c0    00000020     8core-BBT_pe66.oe66 (.text:xdc_runtime_knl_GateThread_Proxy_Object__create__S)
                  0082a1e0    00000020     8core-BBT_pe66.oe66 (.text:xdc_runtime_knl_GateThread_Proxy_Object__delete__S)
                  0082a200    00000020     8core-BBT_pe66.oe66 (.text:xdc_runtime_knl_GateThread_Proxy_enter__E)
                  0082a220    00000020     8core-BBT_pe66.oe66 (.text:xdc_runtime_knl_GateThread_Proxy_leave__E)
                  0082a240    00000020     ti.targets.rts6000.ae66 : GateThread.oe66 (.text:xdc_runtime_knl_GateThread_enter__F)
                  0082a260    00000020                             : GateThread.oe66 (.text:xdc_runtime_knl_GateThread_leave__F)

.stack     0    0082a280    0000a000     UNINITIALIZED
                  0082a280    00000008     boot.ae66 : boot.oe66 (.stack)
                  0082a288    00009ff8     --HOLE--

systemHeap 
*          0    00834280    00008000     UNINITIALIZED
                  00834280    00008000     8core-BBT_pe66.oe66 (systemHeap)

.vecs      0    0083c400    00000200     
                  0083c400    00000200     8core-BBT_pe66.oe66 (.vecs)

platform_lib 
*          0    0c000000    00000190     
                  0c000000    000000d8     platform.obj (platform_lib:init)
                  0c0000d8    00000008     --HOLE--
                  0c0000e0    000000b0     platform.obj (platform_lib:uninit) [fill = 0]

ti.sdo.ipc.SharedRegion_0 
*          0    0c010000    00100000     NOLOAD SECTION
                  0c010000    00100000     --HOLE--

xdc.meta   0    80000000    00000108     COPY SECTION
                  80000000    00000108     8core-BBT_pe66.oe66 (xdc.meta)

.const     0    80000000    00007f46     
                  80000000    000026b9     8core-BBT_pe66.oe66 (.const:xdc_runtime_Text_charTab__A)
                  800026b9    00000003     --HOLE-- [fill = 0]
                  800026bc    00000ac8     platform.obj (.const:.string)
                  80003184    00000908     bbt.obj (.const:.string)
                  80003a8c    00000820     platforms_utils_test.obj (.const:.string)
                  800042ac    000007f0     srioloopback.obj (.const:.string)
                  80004a9c    00000004     ti.targets.rts6000.ae66 : Assert.oe66 (.const:.string)
                  80004aa0    00000630     srioloopback.obj (.const:acc48_le)
                  800050d0    000005fc     Test_bbt.obj (.const:.string)
                  800056cc    000004d9     ti.drv.srio.ae66 : srio_drv.oe66 (.const:.string)
                  80005ba5    00000003     --HOLE-- [fill = 0]
                  80005ba8    00000488     evmc66x_fpga.obj (.const:.string)
                  80006030    0000042c     sysbios.lib : BIOS.obj (.const:.string)
                  8000645c    00000004     8core-BBT_pe66.oe66 (.const:ti_sdo_ipc_Ipc_A_nullArgument__C)
                  80006460    00000400     8core-BBT_pe66.oe66 (.const:ti_sysbios_family_c66_Cache_marvalues__C)
                  80006860    000001d8     spi_nor.obj (.const:.string)
                  80006a38    00000008     ti.targets.rts6000.ae66 : System.oe66 (.const:.string)
                  80006a40    00000190     8core-BBT_pe66.oe66 (.const:xdc_runtime_Text_nodeTab__A)
                  80006bd0    00000110     evmc6678.obj (.const:.string)
                  80006ce0    0000010c     spi.obj (.const:.string)
                  80006dec    00000004     8core-BBT_pe66.oe66 (.const:ti_sdo_ipc_MessageQ_Object__count__C)
                  80006df0    00000101     rts6600_elf.lib : ctype.obj (.const:_ctypes_)
                  80006ef1    00000003     --HOLE-- [fill = 0]
                  80006ef4    000000bc     interrupt.obj (.const:.string)
                  80006fb0    000000af     8core-BBT_pe66.oe66 (.const:.string)
                  8000705f    00000001     --HOLE-- [fill = 0]
                  80007060    000000a0     8core-BBT_pe66.oe66 (.const:ti_sysbios_family_c66_tci66xx_CpIntc_sysIntToHostInt__A)
                  80007100    00000088     spi_fpga.obj (.const:.string)
                  80007188    0000005c     srio_device_config.obj (.const:.string)
                  800071e4    00000058     ti.targets.rts6000.ae66 : Error.oe66 (.const:.string)
                  8000723c    00000004     8core-BBT_pe66.oe66 (.const:ti_sdo_ipc_Notify_A_alreadyRegistered__C)
                  80007240    00000050     8core-BBT_pe66.oe66 (.const:xdc_runtime_Startup_sfxnTab__A)
                  80007290    00000048     evmc66x_nor.obj (.const:.string)
                  800072d8    00000040     ti.targets.rts6000.ae66 : Text.oe66 (.const:.string)
                  80007318    0000003c     8core-BBT_pe66.oe66 (.const:xdc_runtime_LoggerBuf_Module__FXNS__C)
                  80007354    00000038     8core-BBT_pe66.oe66 (.const:ti_sysbios_knl_Task_Object__PARAMS__C)
                  8000738c    00000030     8core-BBT_pe66.oe66 (.const:ti_sysbios_family_c64p_Hwi_Object__PARAMS__C)
                  800073bc    00000004     8core-BBT_pe66.oe66 (.const:ti_sdo_ipc_Notify_A_invArgument__C)
                  800073c0    0000002e     platforms_utils_test.obj (.const:$P$T1$2)
                  800073ee    00000002     --HOLE-- [fill = 0]
                  800073f0    0000002c     ti.targets.rts6000.ae66 : Startup.oe66 (.const:.string)
                  8000741c    0000002c     8core-BBT_pe66.oe66 (.const:ti_sysbios_hal_Hwi_Object__PARAMS__C)
                  80007448    00000028     8core-BBT_pe66.oe66 (.const:ti_sysbios_heaps_HeapMem_Module__FXNS__C)
                  80007470    00000028     8core-BBT_pe66.oe66 (.const:xdc_runtime_LoggerBuf_Object__PARAMS__C)
                  80007498    00000008     8core-BBT_pe66.oe66 (.const:ti_sysbios_knl_Idle_funcList__C)
                  800074a0    00000028     8core-BBT_pe66.oe66 (.const:xdc_runtime_Startup_sfxnRts__A)
                  800074c8    00000024     8core-BBT_pe66.oe66 (.const:ti_sysbios_gates_GateAll_Module__FXNS__C)
                  800074ec    00000024     8core-BBT_pe66.oe66 (.const:ti_sysbios_gates_GateHwi_Module__FXNS__C)
                  80007510    00000024     8core-BBT_pe66.oe66 (.const:ti_sysbios_gates_GateMutexPri_Module__FXNS__C)
                  80007534    00000024     8core-BBT_pe66.oe66 (.const:ti_sysbios_gates_GateMutex_Module__FXNS__C)
                  80007558    00000024     8core-BBT_pe66.oe66 (.const:ti_sysbios_gates_GateSwi_Module__FXNS__C)
                  8000757c    00000024     8core-BBT_pe66.oe66 (.const:ti_sysbios_knl_Clock_Object__PARAMS__C)
                  800075a0    00000024     8core-BBT_pe66.oe66 (.const:ti_sysbios_knl_Semaphore_Object__PARAMS__C)
                  800075c4    00000024     8core-BBT_pe66.oe66 (.const:xdc_runtime_GateNull_Module__FXNS__C)
                  800075e8    00000024     8core-BBT_pe66.oe66 (.const:xdc_runtime_knl_GateThread_Module__FXNS__C)
                  8000760c    00000023     rts6600_elf.lib : _printfi.obj (.const:.string)
                  8000762f    00000001     --HOLE-- [fill = 0]
                  80007630    00000020     Test_bbt.obj (.const:$P$T1$4)
                  80007650    00000020     ti.targets.rts6000.ae66 : Core-mem.oe66 (.const:.string)
                  80007670    00000020     8core-BBT_pe66.oe66 (.const:ti_sdo_ipc_Notify_Object__DESC__C)
                  80007690    00000020     8core-BBT_pe66.oe66 (.const:ti_sdo_utils_List_Object__DESC__C)
                  800076b0    00000020     8core-BBT_pe66.oe66 (.const:ti_sysbios_family_c64p_Hwi_Object__DESC__C)
                  800076d0    00000020     8core-BBT_pe66.oe66 (.const:ti_sysbios_family_c66_tci66xx_CpIntc_hostIntToEventId__A)
                  800076f0    00000020     8core-BBT_pe66.oe66 (.const:ti_sysbios_gates_GateAll_Object__DESC__C)
                  80007710    00000020     8core-BBT_pe66.oe66 (.const:ti_sysbios_gates_GateHwi_Object__DESC__C)
                  80007730    00000020     8core-BBT_pe66.oe66 (.const:ti_sysbios_gates_GateMutexPri_Object__DESC__C)
                  80007750    00000020     8core-BBT_pe66.oe66 (.const:ti_sysbios_gates_GateMutex_Object__DESC__C)
                  80007770    00000020     8core-BBT_pe66.oe66 (.const:ti_sysbios_gates_GateSwi_Object__DESC__C)
                  80007790    00000020     8core-BBT_pe66.oe66 (.const:ti_sysbios_hal_Hwi_Object__DESC__C)
                  800077b0    00000020     8core-BBT_pe66.oe66 (.const:ti_sysbios_heaps_HeapMem_Object__DESC__C)
                  800077d0    00000020     8core-BBT_pe66.oe66 (.const:ti_sysbios_heaps_HeapMem_Object__PARAMS__C)
                  800077f0    00000020     8core-BBT_pe66.oe66 (.const:ti_sysbios_knl_Clock_Object__DESC__C)
                  80007810    00000020     8core-BBT_pe66.oe66 (.const:ti_sysbios_knl_Queue_Object__DESC__C)
                  80007830    00000020     8core-BBT_pe66.oe66 (.const:ti_sysbios_knl_Semaphore_Object__DESC__C)
                  80007850    00000020     8core-BBT_pe66.oe66 (.const:ti_sysbios_knl_Task_Object__DESC__C)
                  80007870    00000020     8core-BBT_pe66.oe66 (.const:ti_sysbios_xdcruntime_GateThreadSupport_Object__DESC__C)
                  80007890    00000020     8core-BBT_pe66.oe66 (.const:xdc_runtime_GateNull_Object__DESC__C)
                  800078b0    00000020     8core-BBT_pe66.oe66 (.const:xdc_runtime_LoggerBuf_Object__DESC__C)
                  800078d0    00000020     8core-BBT_pe66.oe66 (.const:xdc_runtime_knl_GateThread_Object__DESC__C)
                  800078f0    00000019     8core-BBT_pe66.oe66 (.const:ti_sysbios_family_c66_tci66xx_CpIntc_eventId__A)
                  80007909    00000003     --HOLE-- [fill = 0]
                  8000790c    00000004     8core-BBT_pe66.oe66 (.const:ti_sdo_ipc_Notify_Module__diagsEnabled__C)
                  80007910    00000019     8core-BBT_pe66.oe66 (.const:ti_sysbios_family_c66_tci66xx_CpIntc_hostIntToEventId_0__A)
                  80007929    00000003     --HOLE-- [fill = 0]
                  8000792c    00000004     8core-BBT_pe66.oe66 (.const:ti_sdo_ipc_Notify_Module__diagsIncluded__C)
                  80007930    00000019     8core-BBT_pe66.oe66 (.const:ti_sysbios_family_c66_tci66xx_CpIntc_hostIntToEventId_1__A)
                  80007949    00000003     --HOLE-- [fill = 0]
                  8000794c    00000004     8core-BBT_pe66.oe66 (.const:ti_sdo_ipc_Notify_Module__diagsMask__C)
                  80007950    00000019     8core-BBT_pe66.oe66 (.const:ti_sysbios_family_c66_tci66xx_CpIntc_hostIntToEventId_2__A)
                  80007969    00000003     --HOLE-- [fill = 0]
                  8000796c    00000004     8core-BBT_pe66.oe66 (.const:ti_sdo_ipc_Notify_Object__heap__C)
                  80007970    00000019     8core-BBT_pe66.oe66 (.const:ti_sysbios_family_c66_tci66xx_CpIntc_hostIntToEventId_3__A)
                  80007989    00000003     --HOLE-- [fill = 0]
                  8000798c    00000004     8core-BBT_pe66.oe66 (.const:ti_sdo_ipc_Notify_numEvents__C)
                  80007990    00000019     8core-BBT_pe66.oe66 (.const:ti_sysbios_family_c66_tci66xx_CpIntc_hostIntToEventId_4__A)
                  800079a9    00000003     --HOLE-- [fill = 0]
                  800079ac    00000004     8core-BBT_pe66.oe66 (.const:ti_sdo_ipc_SharedRegion_A_idTooLarge__C)
                  800079b0    00000019     8core-BBT_pe66.oe66 (.const:ti_sysbios_family_c66_tci66xx_CpIntc_hostIntToEventId_5__A)
                  800079c9    00000003     --HOLE-- [fill = 0]
                  800079cc    00000004     8core-BBT_pe66.oe66 (.const:ti_sdo_ipc_SharedRegion_Module__diagsEnabled__C)
                  800079d0    00000019     8core-BBT_pe66.oe66 (.const:ti_sysbios_family_c66_tci66xx_CpIntc_hostIntToEventId_6__A)
                  800079e9    00000003     --HOLE-- [fill = 0]
                  800079ec    00000004     8core-BBT_pe66.oe66 (.const:ti_sdo_ipc_SharedRegion_Module__diagsIncluded__C)
                  800079f0    00000019     8core-BBT_pe66.oe66 (.const:ti_sysbios_family_c66_tci66xx_CpIntc_hostIntToEventId_7__A)
                  80007a09    00000003     --HOLE-- [fill = 0]
                  80007a0c    00000004     8core-BBT_pe66.oe66 (.const:ti_sdo_ipc_SharedRegion_Module__diagsMask__C)
                  80007a10    00000018     srio_device_config.obj (.const:$P$T0$1)
                  80007a28    00000018     8core-BBT_pe66.oe66 (.const:ti_sdo_ipc_Notify_Object__PARAMS__C)
                  80007a40    00000018     8core-BBT_pe66.oe66 (.const:ti_sdo_utils_List_Object__PARAMS__C)
                  80007a58    00000018     8core-BBT_pe66.oe66 (.const:ti_sysbios_gates_GateAll_Object__PARAMS__C)
                  80007a70    00000018     8core-BBT_pe66.oe66 (.const:ti_sysbios_gates_GateHwi_Object__PARAMS__C)
                  80007a88    00000018     8core-BBT_pe66.oe66 (.const:ti_sysbios_gates_GateMutexPri_Object__PARAMS__C)
                  80007aa0    00000018     8core-BBT_pe66.oe66 (.const:ti_sysbios_gates_GateMutex_Object__PARAMS__C)
                  80007ab8    00000018     8core-BBT_pe66.oe66 (.const:ti_sysbios_gates_GateSwi_Object__PARAMS__C)
                  80007ad0    00000018     8core-BBT_pe66.oe66 (.const:ti_sysbios_knl_Queue_Object__PARAMS__C)
                  80007ae8    00000008     8core-BBT_pe66.oe66 (.const:ti_sysbios_knl_Task_hooks__C)
                  80007af0    00000018     8core-BBT_pe66.oe66 (.const:ti_sysbios_knl_Task_hooks__A)
                  80007b08    00000018     8core-BBT_pe66.oe66 (.const:ti_sysbios_xdcruntime_GateThreadSupport_Object__PARAMS__C)
                  80007b20    00000018     8core-BBT_pe66.oe66 (.const:xdc_runtime_GateNull_Object__PARAMS__C)
                  80007b38    00000018     8core-BBT_pe66.oe66 (.const:xdc_runtime_knl_GateThread_Object__PARAMS__C)
                  80007b50    00000011     ti.targets.rts6000.ae66 : System.oe66 (.const:digtohex)
                  80007b61    00000003     --HOLE-- [fill = 0]
                  80007b64    0000000c     8core-BBT_pe66.oe66 (.const:ti_sysbios_family_c66_Cache_initSize__C)
                  80007b70    00000010     8core-BBT_pe66.oe66 (.const:ti_sysbios_family_c64p_EventCombiner_EVTMASK__C)
                  80007b80    0000000c     platforms_utils_test.obj (.const:$P$T0$1)
                  80007b8c    00000004     8core-BBT_pe66.oe66 (.const:ti_sdo_ipc_family_c647x_Interrupt_KICK0__C)
                  80007b90    0000000c     8core-BBT_pe66.oe66 (.const:xdc_runtime_Startup_firstFxns__A)
                  80007b9c    00000004     8core-BBT_pe66.oe66 (.const:ti_sdo_ipc_family_c647x_Interrupt_KICK1__C)
                  80007ba0    00000008     8core-BBT_pe66.oe66 (.const:ti_sdo_ipc_family_c647x_MultiProcSetup_procMap__A)
                  80007ba8    00000008     8core-BBT_pe66.oe66 (.const:xdc_runtime_Startup_firstFxns__C)
                  80007bb0    00000008     8core-BBT_pe66.oe66 (.const:xdc_runtime_Startup_lastFxns__C)
                  80007bb8    00000004     8core-BBT_pe66.oe66 (.const:ti_sdo_ipc_family_c647x_MultiProcSetup_A_invalidProcessor__C)
                  80007bbc    00000004     8core-BBT_pe66.oe66 (.const:ti_sdo_ipc_family_c647x_MultiProcSetup_Module__diagsEnabled__C)
                  80007bc0    00000004     Test_bbt.obj (.const:$P$T0$3)
                  80007bc4    00000004     8core-BBT_pe66.oe66 (.const:ti_sdo_ipc_family_c647x_MultiProcSetup_Module__diagsIncluded__C)
                  80007bc8    00000004     8core-BBT_pe66.oe66 (.const:ti_sdo_ipc_family_c647x_MultiProcSetup_Module__diagsMask__C)
                  80007bcc    00000004     8core-BBT_pe66.oe66 (.const:ti_sdo_ipc_family_c647x_MultiProcSetup_procMap__C)
                  80007bd0    00000004     8core-BBT_pe66.oe66 (.const:ti_sdo_ipc_gates_GateHWSem_baseAddr__C)
                  80007bd4    00000004     8core-BBT_pe66.oe66 (.const:ti_sdo_ipc_gates_GateHWSem_numSems__C)
                  80007bd8    00000004     8core-BBT_pe66.oe66 (.const:ti_sdo_ipc_gates_GateHWSem_reservedMaskArr__C)
                  80007bdc    00000004     8core-BBT_pe66.oe66 (.const:ti_sdo_utils_MultiProc_A_invalidMultiProcId__C)
                  80007be0    00000004     8core-BBT_pe66.oe66 (.const:ti_sdo_ipc_gates_GateHWSem_reservedMaskArr__A)
                  80007be4    00000004     8core-BBT_pe66.oe66 (.const:ti_sdo_utils_MultiProc_Module__diagsEnabled__C)
                  80007be8    00000004     8core-BBT_pe66.oe66 (.const:ti_sdo_utils_MultiProc_Module__diagsIncluded__C)
                  80007bec    00000004     8core-BBT_pe66.oe66 (.const:ti_sdo_utils_MultiProc_Module__diagsMask__C)
                  80007bf0    00000004     8core-BBT_pe66.oe66 (.const:ti_sdo_utils_NameServer_Instance_State_freeList__O)
                  80007bf4    00000004     8core-BBT_pe66.oe66 (.const:ti_sdo_utils_NameServer_Object__count__C)
                  80007bf8    00000004     8core-BBT_pe66.oe66 (.const:ti_sysbios_BIOS_Module__diagsEnabled__C)
                  80007bfc    00000004     8core-BBT_pe66.oe66 (.const:ti_sysbios_BIOS_Module__diagsIncluded__C)
                  80007c00    00000004     8core-BBT_pe66.oe66 (.const:ti_sysbios_BIOS_Module__diagsMask__C)
                  80007c04    00000004     8core-BBT_pe66.oe66 (.const:ti_sysbios_BIOS_installedErrorHook__C)
                  80007c08    00000004     8core-BBT_pe66.oe66 (.const:ti_sysbios_family_c62_TaskSupport_stackAlignment__C)
                  80007c0c    00000004     8core-BBT_pe66.oe66 (.const:ti_sysbios_family_c64p_EventCombiner_E_unpluggedEvent__C)
                  80007c10    00000004     8core-BBT_pe66.oe66 (.const:ti_sysbios_family_c64p_Exception_E_exceptionMin__C)
                  80007c14    00000004     8core-BBT_pe66.oe66 (.const:ti_sysbios_family_c64p_Exception_exceptionHook__C)
                  80007c18    00000004     8core-BBT_pe66.oe66 (.const:ti_sysbios_family_c64p_Exception_externalHook__C)
                  80007c1c    00000004     8core-BBT_pe66.oe66 (.const:ti_sysbios_family_c64p_Exception_internalHook__C)
                  80007c20    00000004     8core-BBT_pe66.oe66 (.const:ti_sysbios_family_c64p_Exception_nmiHook__C)
                  80007c24    00000004     8core-BBT_pe66.oe66 (.const:ti_sysbios_family_c64p_Hwi_E_alreadyDefined__C)
                  80007c28    00000004     8core-BBT_pe66.oe66 (.const:ti_sysbios_family_c64p_Hwi_E_handleNotFound__C)
                  80007c2c    00000004     8core-BBT_pe66.oe66 (.const:ti_sysbios_family_c64p_Hwi_LD_end__C)
                  80007c30    00000004     8core-BBT_pe66.oe66 (.const:ti_sysbios_family_c64p_Hwi_LM_begin__C)
                  80007c34    00000004     8core-BBT_pe66.oe66 (.const:ti_sysbios_family_c64p_Hwi_Module__diagsEnabled__C)
                  80007c38    00000004     8core-BBT_pe66.oe66 (.const:ti_sysbios_family_c64p_Hwi_Module__diagsIncluded__C)
                  80007c3c    00000004     8core-BBT_pe66.oe66 (.const:ti_sysbios_family_c64p_Hwi_Module__diagsMask__C)
                  80007c40    00000004     8core-BBT_pe66.oe66 (.const:ti_sysbios_family_c64p_Hwi_Module__loggerFxn1__C)
                  80007c44    00000004     8core-BBT_pe66.oe66 (.const:ti_sysbios_family_c64p_Hwi_Module__loggerFxn8__C)
                  80007c48    00000004     8core-BBT_pe66.oe66 (.const:ti_sysbios_family_c64p_Hwi_Module__loggerObj__C)
                  80007c4c    00000004     8core-BBT_pe66.oe66 (.const:ti_sysbios_family_c66_Cache_atomicBlockSize__C)
                  80007c50    00000004     8core-BBT_pe66.oe66 (.const:ti_sysbios_family_c66_tci66xx_CpIntc_E_unpluggedSysInt__C)
                  80007c54    00000004     8core-BBT_pe66.oe66 (.const:ti_sysbios_family_c66_tci66xx_CpIntc_eventId__C)
                  80007c58    00000004     8core-BBT_pe66.oe66 (.const:ti_sysbios_family_c66_tci66xx_CpIntc_hostIntToEventId__C)
                  80007c5c    00000004     8core-BBT_pe66.oe66 (.const:ti_sysbios_family_c66_tci66xx_CpIntc_numEvents__C)
                  80007c60    00000004     8core-BBT_pe66.oe66 (.const:ti_sysbios_family_c66_tci66xx_CpIntc_numStatusRegs__C)
                  80007c64    00000004     8core-BBT_pe66.oe66 (.const:ti_sysbios_family_c66_tci66xx_CpIntc_numSysInts__C)
                  80007c68    00000004     8core-BBT_pe66.oe66 (.const:ti_sysbios_family_c66_tci66xx_CpIntc_sysIntToHostInt__C)
                  80007c6c    00000004     8core-BBT_pe66.oe66 (.const:ti_sysbios_gates_GateMutexPri_A_badContext__C)
                  80007c70    00000004     8core-BBT_pe66.oe66 (.const:ti_sysbios_gates_GateMutexPri_Instance_State_pendQ__O)
                  80007c74    00000004     8core-BBT_pe66.oe66 (.const:ti_sysbios_gates_GateMutexPri_Module__diagsEnabled__C)
                  80007c78    00000004     8core-BBT_pe66.oe66 (.const:ti_sysbios_gates_GateMutexPri_Module__diagsIncluded__C)
                  80007c7c    00000004     8core-BBT_pe66.oe66 (.const:ti_sysbios_gates_GateMutexPri_Module__diagsMask__C)
                  80007c80    00000004     8core-BBT_pe66.oe66 (.const:ti_sysbios_gates_GateMutex_A_badContext__C)
                  80007c84    00000004     8core-BBT_pe66.oe66 (.const:ti_sysbios_gates_GateMutex_Instance_State_sem__O)
                  80007c88    00000004     8core-BBT_pe66.oe66 (.const:ti_sysbios_gates_GateMutex_Module__diagsEnabled__C)
                  80007c8c    00000004     8core-BBT_pe66.oe66 (.const:ti_sysbios_gates_GateMutex_Module__diagsIncluded__C)
                  80007c90    00000004     8core-BBT_pe66.oe66 (.const:ti_sysbios_gates_GateMutex_Module__diagsMask__C)
                  80007c94    00000004     8core-BBT_pe66.oe66 (.const:ti_sysbios_gates_GateSwi_A_badContext__C)
                  80007c98    00000004     8core-BBT_pe66.oe66 (.const:ti_sysbios_gates_GateSwi_Module__diagsEnabled__C)
                  80007c9c    00000004     8core-BBT_pe66.oe66 (.const:ti_sysbios_gates_GateSwi_Module__diagsIncluded__C)
                  80007ca0    00000004     8core-BBT_pe66.oe66 (.const:ti_sysbios_gates_GateSwi_Module__diagsMask__C)
                  80007ca4    00000004     8core-BBT_pe66.oe66 (.const:ti_sysbios_hal_Hwi_E_stackOverflow__C)
                  80007ca8    00000004     8core-BBT_pe66.oe66 (.const:ti_sysbios_heaps_HeapBuf_Instance_State_freeList__O)
                  80007cac    00000004     8core-BBT_pe66.oe66 (.const:ti_sysbios_heaps_HeapBuf_Object__count__C)
                  80007cb0    00000004     8core-BBT_pe66.oe66 (.const:ti_sysbios_heaps_HeapBuf_numConstructedHeaps__C)
                  80007cb4    00000004     8core-BBT_pe66.oe66 (.const:ti_sysbios_heaps_HeapMem_A_align__C)
[...]
80007bb0   xdc_runtime_Startup_lastFxns__C
80007bb8   ti_sdo_ipc_family_c647x_MultiProcSetup_A_invalidProcessor__C
80007bbc   ti_sdo_ipc_family_c647x_MultiProcSetup_Module__diagsEnabled__C
80007bc4   ti_sdo_ipc_family_c647x_MultiProcSetup_Module__diagsIncluded__C
80007bc8   ti_sdo_ipc_family_c647x_MultiProcSetup_Module__diagsMask__C
80007bcc   ti_sdo_ipc_family_c647x_MultiProcSetup_procMap__C
80007bd0   ti_sdo_ipc_gates_GateHWSem_baseAddr__C
80007bd4   ti_sdo_ipc_gates_GateHWSem_numSems__C
80007bd8   ti_sdo_ipc_gates_GateHWSem_reservedMaskArr__C
80007bdc   ti_sdo_utils_MultiProc_A_invalidMultiProcId__C
80007be0   ti_sdo_ipc_gates_GateHWSem_reservedMaskArr__A
80007be4   ti_sdo_utils_MultiProc_Module__diagsEnabled__C
80007be8   ti_sdo_utils_MultiProc_Module__diagsIncluded__C
80007bec   ti_sdo_utils_MultiProc_Module__diagsMask__C
80007bf0   ti_sdo_utils_NameServer_Instance_State_freeList__O
80007bf4   ti_sdo_utils_NameServer_Object__count__C
80007bf8   ti_sysbios_BIOS_Module__diagsEnabled__C
80007bfc   ti_sysbios_BIOS_Module__diagsIncluded__C
80007c00   ti_sysbios_BIOS_Module__diagsMask__C
80007c04   ti_sysbios_BIOS_installedErrorHook__C
80007c08   ti_sysbios_family_c62_TaskSupport_stackAlignment__C
80007c0c   ti_sysbios_family_c64p_EventCombiner_E_unpluggedEvent__C
80007c10   ti_sysbios_family_c64p_Exception_E_exceptionMin__C
80007c14   ti_sysbios_family_c64p_Exception_exceptionHook__C
80007c18   ti_sysbios_family_c64p_Exception_externalHook__C
80007c1c   ti_sysbios_family_c64p_Exception_internalHook__C
80007c20   ti_sysbios_family_c64p_Exception_nmiHook__C
80007c24   ti_sysbios_family_c64p_Hwi_E_alreadyDefined__C
80007c28   ti_sysbios_family_c64p_Hwi_E_handleNotFound__C
80007c2c   ti_sysbios_family_c64p_Hwi_LD_end__C
80007c30   ti_sysbios_family_c64p_Hwi_LM_begin__C
80007c34   ti_sysbios_family_c64p_Hwi_Module__diagsEnabled__C
80007c38   ti_sysbios_family_c64p_Hwi_Module__diagsIncluded__C
80007c3c   ti_sysbios_family_c64p_Hwi_Module__diagsMask__C
80007c40   ti_sysbios_family_c64p_Hwi_Module__loggerFxn1__C
80007c44   ti_sysbios_family_c64p_Hwi_Module__loggerFxn8__C
80007c48   ti_sysbios_family_c64p_Hwi_Module__loggerObj__C
80007c4c   ti_sysbios_family_c66_Cache_atomicBlockSize__C
80007c50   ti_sysbios_family_c66_tci66xx_CpIntc_E_unpluggedSysInt__C
80007c54   ti_sysbios_family_c66_tci66xx_CpIntc_eventId__C
80007c58   ti_sysbios_family_c66_tci66xx_CpIntc_hostIntToEventId__C
80007c5c   ti_sysbios_family_c66_tci66xx_CpIntc_numEvents__C
80007c60   ti_sysbios_family_c66_tci66xx_CpIntc_numStatusRegs__C
80007c64   ti_sysbios_family_c66_tci66xx_CpIntc_numSysInts__C
80007c68   ti_sysbios_family_c66_tci66xx_CpIntc_sysIntToHostInt__C
80007c6c   ti_sysbios_gates_GateMutexPri_A_badContext__C
80007c70   ti_sysbios_gates_GateMutexPri_Instance_State_pendQ__O
80007c74   ti_sysbios_gates_GateMutexPri_Module__diagsEnabled__C
80007c78   ti_sysbios_gates_GateMutexPri_Module__diagsIncluded__C
80007c7c   ti_sysbios_gates_GateMutexPri_Module__diagsMask__C
80007c80   ti_sysbios_gates_GateMutex_A_badContext__C
80007c84   ti_sysbios_gates_GateMutex_Instance_State_sem__O
80007c88   ti_sysbios_gates_GateMutex_Module__diagsEnabled__C
80007c8c   ti_sysbios_gates_GateMutex_Module__diagsIncluded__C
80007c90   ti_sysbios_gates_GateMutex_Module__diagsMask__C
80007c94   ti_sysbios_gates_GateSwi_A_badContext__C
80007c98   ti_sysbios_gates_GateSwi_Module__diagsEnabled__C
80007c9c   ti_sysbios_gates_GateSwi_Module__diagsIncluded__C
80007ca0   ti_sysbios_gates_GateSwi_Module__diagsMask__C
80007ca4   ti_sysbios_hal_Hwi_E_stackOverflow__C
80007ca8   ti_sysbios_heaps_HeapBuf_Instance_State_freeList__O
80007cac   ti_sysbios_heaps_HeapBuf_Object__count__C
80007cb0   ti_sysbios_heaps_HeapBuf_numConstructedHeaps__C
80007cb4   ti_sysbios_heaps_HeapMem_A_align__C
80007cb8   ti_sysbios_heaps_HeapMem_A_heapSize__C
80007cbc   ti_sysbios_heaps_HeapMem_A_invalidFree__C
80007cc0   ti_sysbios_heaps_HeapMem_A_zeroBlock__C
80007cc4   ti_sysbios_heaps_HeapMem_E_memory__C
80007cc8   ti_sysbios_heaps_HeapMem_Module__diagsEnabled__C
80007ccc   ti_sysbios_heaps_HeapMem_Module__diagsIncluded__C
80007cd0   ti_sysbios_heaps_HeapMem_Module__diagsMask__C
80007cd4   ti_sysbios_heaps_HeapMem_Module__gateObj__C
80007cd8   ti_sysbios_heaps_HeapMem_Object__count__C
80007cdc   ti_sysbios_heaps_HeapMem_reqAlignMask__C
80007ce0   ti_sysbios_heaps_HeapMem_reqAlign__C
80007ce4   ti_sysbios_knl_Clock_A_badThreadType__C
80007ce8   ti_sysbios_knl_Clock_LM_begin__C
80007cec   ti_sysbios_knl_Clock_LM_tick__C
80007cf0   ti_sysbios_knl_Clock_LW_delayed__C
80007cf4   ti_sysbios_knl_Clock_Module_State_clockQ__O
80007cf8   ti_sysbios_knl_Clock_Module__diagsEnabled__C
80007cfc   ti_sysbios_knl_Clock_Module__diagsIncluded__C
80007d00   ti_sysbios_knl_Clock_Module__diagsMask__C
80007d04   ti_sysbios_knl_Clock_Module__loggerFxn1__C
80007d08   ti_sysbios_knl_Clock_Module__loggerFxn2__C
80007d0c   ti_sysbios_knl_Clock_Module__loggerObj__C
80007d10   ti_sysbios_knl_Clock_tickMode__C
80007d14   ti_sysbios_knl_Clock_tickSource__C
80007d18   ti_sysbios_knl_Semaphore_A_badContext__C
80007d1c   ti_sysbios_knl_Semaphore_A_noEvents__C
80007d20   ti_sysbios_knl_Idle_funcList__A
80007d24   ti_sysbios_knl_Semaphore_A_overflow__C
80007d28   ti_sysbios_knl_Semaphore_Instance_State_pendQ__O
80007d2c   ti_sysbios_knl_Semaphore_LM_pend__C
80007d30   ti_sysbios_knl_Semaphore_LM_post__C
80007d34   ti_sysbios_knl_Semaphore_Module__diagsEnabled__C
80007d38   ti_sysbios_knl_Semaphore_Module__diagsIncluded__C
80007d3c   ti_sysbios_knl_Semaphore_Module__diagsMask__C
80007d40   ti_sysbios_knl_Semaphore_Module__loggerFxn2__C
80007d44   ti_sysbios_knl_Semaphore_Module__loggerFxn4__C
80007d48   ti_sysbios_knl_Semaphore_Module__loggerObj__C
80007d4c   ti_sysbios_knl_Swi_LD_end__C
80007d50   ti_sysbios_knl_Swi_LM_begin__C
80007d54   ti_sysbios_knl_Swi_LM_post__C
80007d58   ti_sysbios_knl_Swi_Module__diagsEnabled__C
80007d5c   ti_sysbios_knl_Swi_Module__diagsIncluded__C
80007d60   ti_sysbios_knl_Swi_Module__diagsMask__C
80007d64   ti_sysbios_knl_Swi_Module__loggerFxn1__C
80007d68   ti_sysbios_knl_Swi_Module__loggerFxn4__C
80007d6c   ti_sysbios_knl_Swi_Module__loggerObj__C
80007d70   ti_sysbios_knl_Swi_Object__count__C
80007d74   ti_sysbios_knl_Task_A_badPriority__C
80007d78   ti_sysbios_knl_Task_A_badTaskState__C
80007d7c   ti_sysbios_knl_Task_A_badThreadType__C
80007d80   ti_sysbios_knl_Task_A_noPendElem__C
80007d84   ti_sysbios_knl_Task_E_spOutOfBounds__C
80007d88   ti_sysbios_knl_Task_E_stackOverflow__C
80007d8c   ti_sysbios_knl_Task_LD_block__C
80007d90   ti_sysbios_knl_Task_LD_exit__C
80007d94   ti_sysbios_knl_Task_LD_ready__C
80007d98   ti_sysbios_knl_Task_LM_setPri__C
80007d9c   ti_sysbios_knl_Task_LM_switch__C
80007da0   ti_sysbios_knl_Task_Module_State_inactiveQ__O
80007da4   ti_sysbios_knl_Task_Module_State_terminatedQ__O
80007da8   ti_sysbios_knl_Task_Module__diagsEnabled__C
80007dac   ti_sysbios_knl_Task_Module__diagsIncluded__C
80007db0   ti_sysbios_knl_Task_Module__diagsMask__C
80007db4   ti_sysbios_knl_Task_Module__loggerFxn2__C
80007db8   ti_sysbios_knl_Task_Module__loggerFxn4__C
80007dbc   ti_sysbios_knl_Task_Module__loggerObj__C
80007dc0   ti_sysbios_knl_Task_Object__count__C
80007dc4   ti_sysbios_knl_Task_Object__heap__C
80007dc8   ti_sysbios_knl_Task_allBlockedFunc__C
80007dcc   ti_sysbios_knl_Task_defaultStackHeap__C
80007dd0   ti_sysbios_knl_Task_defaultStackSize__C
80007dd4   ti_sysbios_knl_Task_numConstructedTasks__C
80007dd8   ti_sysbios_knl_Task_numPriorities__C
80007ddc   ti_sysbios_timers_timer64_Timer_A_notAvailable__C
80007de0   ti_sysbios_timers_timer64_Timer_E_cannotSupport__C
80007de4   ti_sysbios_timers_timer64_Timer_Module__diagsEnabled__C
80007de8   ti_sysbios_timers_timer64_Timer_Module__diagsIncluded__C
80007dec   ti_sysbios_timers_timer64_Timer_Module__diagsMask__C
80007df0   ti_sysbios_timers_timer64_Timer_anyMask__C
80007df4   ti_sysbios_timers_timer64_Timer_freqDivisor__C
80007df8   ti_sysbios_timers_timer64_Timer_numLocalTimers__C
80007dfc   ti_sysbios_timers_timer64_Timer_numTimerDevices__C
80007e00   ti_sysbios_xdcruntime_GateThreadSupport_Instance_State_gate__O
80007e04   xdc_runtime_Assert_E_assertFailed__C
80007e08   xdc_runtime_Core_A_initializedParams__C
80007e0c   xdc_runtime_Core_Module__diagsEnabled__C
80007e10   xdc_runtime_Core_Module__diagsIncluded__C
80007e14   xdc_runtime_Core_Module__diagsMask__C
80007e18   xdc_runtime_Error_E_generic__C
80007e1c   xdc_runtime_Error_E_memory__C
80007e20   xdc_runtime_Error_Module__diagsEnabled__C
80007e24   xdc_runtime_Error_Module__diagsIncluded__C
80007e28   xdc_runtime_Error_Module__diagsMask__C
80007e2c   xdc_runtime_Error_Module__loggerFxn8__C
80007e30   xdc_runtime_Error_Module__loggerObj__C
80007e34   xdc_runtime_Error_policy__C
80007e38   xdc_runtime_Error_raiseHook__C
80007e3c   xdc_runtime_IFilterLogger_Interface__BASE__C
80007e40   xdc_runtime_IGateProvider_Interface__BASE__C
80007e44   xdc_runtime_IHeap_Interface__BASE__C
80007e48   xdc_runtime_ILogger_Interface__BASE__C
80007e4c   xdc_runtime_IModule_Interface__BASE__C
80007e50   xdc_runtime_Log_L_error__C
80007e54   xdc_runtime_LoggerBuf_E_badLevel__C
80007e58   xdc_runtime_LoggerBuf_Module__gateObj__C
80007e5c   xdc_runtime_LoggerBuf_Object__count__C
80007e60   xdc_runtime_LoggerBuf_statusLogger__C
80007e64   xdc_runtime_Memory_defaultHeapInstance__C
80007e68   xdc_runtime_Startup_execImpl__C
80007e6c   xdc_runtime_Startup_maxPasses__C
80007e70   xdc_runtime_Startup_lastFxns__A
80007e74   xdc_runtime_Startup_sfxnRts__C
80007e78   xdc_runtime_Startup_sfxnTab__C
80007e7c   xdc_runtime_System_Module__gateObj__C
80007e80   xdc_runtime_System_extendFxn__C
80007e84   xdc_runtime_System_maxAtexitHandlers__C
80007e88   xdc_runtime_Text_charTab__C
80007e8c   xdc_runtime_Text_nameEmpty__C
80007e90   xdc_runtime_Text_nameStatic__C
80007e94   xdc_runtime_Text_nameUnknown__C
80007e98   xdc_runtime_Text_nodeTab__C
80007e9c   xdc_runtime_Text_visitRopeFxn__C
80007ea0   ti_sdo_ipc_Notify_Module__id__C
80007ea4   ti_sdo_ipc_Notify_numLines__C
80007ea8   ti_sdo_ipc_SharedRegion_Module__id__C
80007eac   ti_sdo_ipc_SharedRegion_numEntries__C
80007eb0   ti_sdo_ipc_SharedRegion_translate__C
80007eb4   ti_sdo_ipc_family_c647x_Interrupt_enableKick__C
80007eb8   ti_sdo_ipc_family_c647x_MultiProcSetup_Module__id__C
80007ebc   ti_sdo_utils_MultiProc_Module__id__C
80007ec0   ti_sdo_utils_MultiProc_numProcessors__C
80007ec4   ti_sysbios_BIOS_Module__id__C
80007ec8   ti_sysbios_family_c64p_EventCombiner_Module__id__C
80007ecc   ti_sysbios_family_c64p_Exception_Module__id__C
80007ed0   ti_sysbios_family_c64p_Hwi_Module__id__C
80007ed4   ti_sysbios_family_c64p_Hwi_Module__loggerDefined__C
80007ed8   ti_sysbios_family_c66_tci66xx_CpIntc_Module__id__C
80007edc   ti_sysbios_gates_GateMutexPri_Module__id__C
80007ee0   ti_sysbios_gates_GateMutex_Module__id__C
80007ee4   ti_sysbios_gates_GateSwi_Module__id__C
80007ee8   ti_sysbios_hal_Hwi_Module__id__C
80007eec   ti_sysbios_heaps_HeapMem_Module__id__C
80007ef0   ti_sysbios_knl_Clock_Module__id__C
80007ef4   ti_sysbios_knl_Clock_Module__loggerDefined__C
80007ef8   ti_sysbios_knl_Semaphore_Module__id__C
80007efc   ti_sysbios_knl_Semaphore_Module__loggerDefined__C
80007f00   ti_sysbios_knl_Swi_Module__id__C
80007f04   ti_sysbios_knl_Swi_Module__loggerDefined__C
80007f08   ti_sysbios_knl_Task_Module__id__C
80007f0c   ti_sysbios_knl_Task_Module__loggerDefined__C
80007f10   ti_sysbios_knl_Task_deleteTerminatedTasks__C
80007f14   ti_sysbios_knl_Task_initStackFlag__C
80007f18   ti_sysbios_timers_timer64_Timer_Module__id__C
80007f1c   ti_sysbios_timers_timer64_Timer_startupNeeded__C
80007f20   xdc_runtime_Core_Module__id__C
80007f24   xdc_runtime_Error_Module__loggerDefined__C
80007f28   xdc_runtime_Error_maxDepth__C
80007f2c   xdc_runtime_LoggerBuf_Module__id__C
80007f30   xdc_runtime_LoggerBuf_filterByLevel__C
80007f34   xdc_runtime_Memory_Module__id__C
80007f38   xdc_runtime_Text_charCnt__C
80007f3c   xdc_runtime_Text_isLoaded__C
80007f40   xdc_runtime_Text_registryModsLastId__C
80007f44   xdc_runtime_Text_unnamedModsLastId__C
80007f50   host_region
80009750   gHiPriAccumList
80009850   qmssInitConfig
80009880   srioSocket
80009890   srcDataBuffer
80009910   ti_sdo_utils_NameServer_Module_State_0_nsRemoteHandle__A
80009920   ti_sysbios_knl_Task_Instance_State_0_hookEnv__A
80009930   xdc_runtime_LoggerBuf_Instance_State_0_entryArr__A
8000a130   ti_sysbios_knl_Task_Instance_State_0_stack__A
8000a930   gDataBufferMemMgr
8000aa70   _tmpnams
8000abb0   qmssLObj
8000adb0   args
8000ade0   eTestID
8000adf0   BBT_TestID
8000ae00   gI2cBlock
8000ae50   ti_sdo_ipc_GateMP_Module_State_0_remoteCustom1Gates__A
8000b650   ti_sdo_ipc_GateMP_Module__root__V
8000b658   ti_sdo_ipc_GateMP_Module__state__V
8000b6a0   ti_sdo_ipc_Ipc_Module__state__V
8000b6ac   ti_sdo_ipc_ListMP_Module__root__V
8000b6b4   ti_sdo_ipc_ListMP_Module__state__V
8000b6b8   ti_sdo_ipc_MessageQ_Module__root__V
8000b6c0   ti_sdo_ipc_MessageQ_Module__state__V
8000b6dc   ti_sdo_ipc_Notify_Module__root__V
8000b6e4   ti_sdo_ipc_Notify_Module__state__V
8000b6ec   ti_sdo_ipc_SharedRegion_Module__state__V
8000b6f0   ti_sdo_ipc_family_c647x_Interrupt_Module__state__V
8000b6f8   ti_sdo_ipc_gates_GateHWSem_Module__root__V
8000b700   ti_sdo_ipc_gates_GateMPSupportNull_Module__root__V
8000b708   ti_sdo_ipc_gates_GatePeterson_Module__root__V
8000b710   ti_sdo_ipc_heaps_HeapMemMP_Module__root__V
8000b718   ti_sdo_ipc_heaps_HeapMemMP_Module__state__V
8000b71c   ti_sdo_ipc_notifyDrivers_NotifyDriverShm_Module__root__V
8000b724   ti_sdo_ipc_nsremote_NameServerRemoteNotify_Module__root__V
8000b72c   ti_sdo_ipc_transports_TransportShm_Module__root__V
8000b734   ti_sdo_ipc_transports_TransportShmSetup_Module__state__V
8000b738   ti_sdo_utils_List_Module__root__V
8000b740   ti_sdo_utils_MultiProc_Module__state__V
8000b744   ti_sdo_utils_NameServer_Module__root__V
8000b74c   ti_sdo_utils_NameServer_Module__state__V
8000b754   ti_sdo_utils_NameServerRemoteNull_Module__root__V
8000b75c   ti_sysbios_BIOS_Module__state__V
8000b778   ti_sysbios_family_c64p_EventCombiner_Module__state__V
8000bb78   ti_sysbios_family_c64p_Exception_Module__state__V
8000bba4   ti_sysbios_family_c64p_Hwi_Module__root__V
8000bbac   ti_sysbios_family_c64p_Hwi_Module__state__V
8000bc14   ti_sysbios_family_c66_tci66xx_CpIntc_Module__state__V
8000bc24   ti_sysbios_gates_GateAll_Module__root__V
8000bc2c   ti_sysbios_gates_GateHwi_Module__root__V
8000bc34   ti_sysbios_gates_GateMutex_Module__root__V
8000bc3c   ti_sysbios_gates_GateMutexPri_Module__root__V
8000bc44   ti_sysbios_gates_GateSwi_Module__root__V
8000bc4c   ti_sysbios_hal_Hwi_Module__root__V
8000bc54   ti_sysbios_hal_Timer_Module__root__V
8000bc5c   ti_sysbios_heaps_HeapBuf_Module__root__V
8000bc64   ti_sysbios_heaps_HeapBuf_Module__state__V
8000bc68   ti_sysbios_heaps_HeapMem_Module__root__V
8000bc70   ti_sysbios_knl_Clock_Module__root__V
8000bc78   ti_sysbios_knl_Clock_Module__state__V
8000bca4   ti_sysbios_knl_Event_Module__root__V
8000bcac   ti_sysbios_knl_Queue_Module__root__V
8000bcb4   ti_sysbios_knl_Semaphore_Module__root__V
8000bcbc   ti_sysbios_knl_Swi_Module__root__V
8000bcc4   ti_sysbios_knl_Swi_Module__state__V
8000bce0   ti_sysbios_knl_Task_Module__root__V
8000bce8   ti_sysbios_knl_Task_Module__state__V
8000bd1c   ti_sysbios_syncs_SyncSem_Module__root__V
8000bd24   ti_sysbios_timers_timer64_Timer_Module__root__V
8000bd2c   ti_sysbios_timers_timer64_Timer_Module__state__V
8000bd40   ti_sysbios_xdcruntime_GateThreadSupport_Module__root__V
8000bd48   xdc_runtime_Error_Module__state__V
8000bd4c   xdc_runtime_GateNull_Module__root__V
8000bd54   xdc_runtime_LoggerBuf_Module__root__V
8000bd5c   xdc_runtime_LoggerBuf_Module__state__V
8000bd64   xdc_runtime_Memory_Module__state__V
8000bd68   xdc_runtime_Registry_Module__state__V
8000bd70   xdc_runtime_Startup_Module__state__V
8000bd78   xdc_runtime_System_Module__state__V
8000bd84   xdc_runtime_Text_Module__state__V
8000bd8c   xdc_runtime_knl_GateThread_Module__root__V
8000bd94   __xdc__init__addr
8000bd98   _lock
8000bd9c   _unlock
8000bda0   ti_sysbios_family_c66_tci66xx_CpIntc_Module_State_0_dispatchTab__A
8000c2a0   _ftable
8000c480   ti_sysbios_timers_timer64_Timer_Module_State_0_device__A
8000c600   qmssGblCfgParams
8000c720   ti_sdo_utils_NameServer_Object__table__V
8000c8a0   ti_sdo_ipc_SharedRegion_Module_State_0_regions__A
8000c930   ti_sdo_ipc_GateMP_Module_State_0_remoteSystemGates__A
8000c9b0   ti_sysbios_knl_Swi_Module_State_0_readyQ__A
8000ca30   ti_sysbios_knl_Task_Module_State_0_readyQ__A
8000cab0   ti_sysbios_timers_timer64_Timer_Module_State_0_gctrl__A
8000cb30   ti_sysbios_timers_timer64_Timer_Module_State_0_handles__A
8000cbb0   ti_sysbios_timers_timer64_Timer_Module_State_0_intFreqs__A
8000cca8   _ft_end
8000ccb0   cppiGblCfgParams
8000cd28   cppiLObj
8000cd30   ti_sysbios_family_c64p_Hwi_Object__table__V
8000cda8   Qmss_cdmaEoiVector
8000cdb0   ti_sdo_ipc_Ipc_Module_State_0_procEntry__A
8000ce00   ti_sysbios_family_c66_tci66xx_CpIntc_Module_State_0_hostIntToSysInt__A
8000ce50   ti_sysbios_timers_timer64_Timer_Object__table__V
8000cea0   TSK_idle
8000cea0   ti_sysbios_knl_Task_Object__table__V
8000cee4   _cleanup_ptr
8000cee8   _dtors_ptr
8000ceec   __TI_enable_exit_profile_output
8000cef0   ti_sysbios_gates_GateMutex_Object__table__V
8000cf30   ti_sysbios_knl_Swi_Object__table__V
8000cf60   xdc_runtime_LoggerBuf_Object__table__V
8000cf88   Qmss_highEoiVector
8000cfb0   ti_sdo_ipc_MessageQ_Module_State_0_heaps__A
8000cfd0   ti_sdo_ipc_MessageQ_Module_State_0_transports__A
8000cff0   ti_sdo_ipc_family_c647x_Interrupt_Module_State_0_fxnTable__A
8000d010   xdc_runtime_System_Module_State_0_atexitHandlers__A
8000d030   ti_sysbios_gates_GateMutexPri_Object__table__V
8000d050   ti_sysbios_family_c66_tci66xx_CpIntc_Module_State_0_initSIER__A
8000d070   ti_sysbios_heaps_HeapMem_Object__table__V
8000d088   Qmss_lowEoiVector
8000d0a0   ti_sdo_ipc_Notify_Module_State_0_notifyHandles__A
8000d0b0   ti_sdo_ipc_transports_TransportShmSetup_Module_State_0_handles__A
8000d0c0   ti_sysbios_family_c66_tci66xx_CpIntc_Module_State_0_controller__A
8000d0d0   ti_sysbios_gates_GateAll_Object__table__V
8000d0e0   ti_sysbios_gates_GateSwi_Object__table__V
8000d0f0   ti_sysbios_hal_Hwi_Object__table__V
8000d100   ti_sysbios_hal_Timer_Object__table__V
8000d110   intDstDoorbell
8000d120   ti_sdo_ipc_GateMP_Module_State_0_remoteCustom2Gates__A
8000d130   ti_sdo_ipc_Notify_Module_State_0_notifyHandles_0__A
8000d140   ti_sdo_ipc_Notify_Module_State_0_notifyHandles_1__A
8000d150   ti_sdo_ipc_Notify_Module_State_0_notifyHandles_2__A
8000d160   ti_sdo_ipc_Notify_Module_State_0_notifyHandles_3__A
8000d170   ti_sysbios_gates_GateHwi_Object__table__V
8000d180   xdc_runtime_GateNull_Object__table__V
8000d200   queueFree
8000f200   qmssGObj
8000f600   cppiObject
8000f800   gSRIODriverMCB
8000f900   isSRIOInitialized
8000f904   __CIOBUF_
8000fa54   __TI_STATIC_BASE
8000fa54   hTest
8000fa58   state
8000fa5c   vectId
8000fa60   myHwi
8000fa6c   hDrvManagedSrioDrv
8000fa70   hSrioCSL
8000fa74   task2
8000fa78   coreNum
8000fa7c   srioDbgDioIsrCnt
8000fa80   DrblliCount
8000fa84   srioLsuIsrServiced
8000fa88   doorbellisrserviced
8000fa8c   srioDioLsuGoodTransfers
8000fa90   srioDioLsuBadTransfers
8000fa98   gDataBufferMemMgrMaxSize
8000fa9c   malloc_counter
8000faa0   free_counter
8000faac   platform_errno
8000fab0   platform_init_return_code
8000fab8   qmssLObjIsValid
8000fabc   DEVICE_ID1_16BIT
8000fac0   DEVICE_ID1_8BIT
8000fac4   DEVICE_ID2_16BIT
8000fac8   DEVICE_ID2_8BIT
8000facc   DEVICE_ID3_16BIT
8000fad0   DEVICE_ID3_8BIT
8000fad4   DEVICE_ID4_16BIT
8000fad8   DEVICE_ID4_8BIT
80010dac   __TI_Handler_Table_Base
80010db8   __TI_Handler_Table_Limit
80010e70   __TI_CINIT_Base
80010f40   __TI_CINIT_Limit
ffffffff   __TI_pprof_out_hndl
ffffffff   __TI_prof_data_size
ffffffff   __TI_prof_data_start
ffffffff   __binit__
ffffffff   __c_args__
ffffffff   binit

[1273 symbols]
